  401440      8E5 Code                ABBREAK_TEXT
  401D28     54DC Code                ABBROWSE_TEXT
  407204     112F Code                ABEIP_TEXT
  408334     2900 Code                ABERROR_TEXT
  40AC34     674F Code                ABFILE_TEXT
  411384      159 Code                ABFUZZY_TEXT
  4114E0     21EC Code                ABPOPUP_TEXT
  4136CC     27F6 Code                ABQUERY_TEXT
  415EC4     53EF Code                ABREPORT_TEXT
  41B2B4     1E90 Code                ABRESIZE_TEXT
  41D144       37 Code                ABRPATMG_TEXT
  41D17C      E75 Code                ABRPPSEL_TEXT
  41DFF4      133 Code                ABTOOLBA_TEXT
  41E128     2B51 Code                ABUTIL_TEXT
  420C7C     1CAE Code                ABWINDOW_TEXT
  42292C     56E6 Code                ABWMFPAR_TEXT
  428014       80 Code                CWSYNCHC_TEXT
  428094       23 Code                IEXE32_TEXT
  4280B8      C17 Code                INIT_TEXT
  428CD0       37 Code                INST00_TEXT
  428D08     14FA Code                STABSEC_TEXT
  42A204      307 Code                STABSYNC_TEXT
  42A50C     2D09 Code                USER$SEC_TEXT
  42D218     3074 Code                USEREDIT001_TEXT
  43028C     44B4 Code                USEREDIT002_TEXT
  434740     1412 Code                USEREDIT003_TEXT
  435B54     2DD2 Code                USEREDIT_BC0_TEXT
  438928       13 Code                USEREDIT_BC_TEXT
  43893C       D0 Code                USEREDIT_TEXT
  439000     1271 Initialized Data    $DEFAULTERRORS_DATA
  43A274       6F Initialized Data    ABBREAK_CONST
  43A2E4      109 Initialized Data    ABBROWSE_CONST
  43A3F0      D98 Initialized Data    ABBROWSE_DATA
  43B188       23 Initialized Data    ABEIP_CONST
  43B1AC       B4 Initialized Data    ABEIP_DATA
  43B260      16B Initialized Data    ABERROR_CONST
  43B3CC      AA4 Initialized Data    ABERROR_DATA
  43BE70       CD Initialized Data    ABFILE_CONST
  43BF40      504 Initialized Data    ABFILE_DATA
  43C444       B4 Initialized Data    ABFUZZY_DATA
  43C4F8       2D Initialized Data    ABPOPUP_CONST
  43C528      128 Initialized Data    ABPOPUP_DATA
  43C650       D2 Initialized Data    ABQUERY_CONST
  43C724       87 Initialized Data    ABQUERY_DATA
  43C7AC      13E Initialized Data    ABREPORT_CONST
  43C8EC      930 Initialized Data    ABREPORT_DATA
  43D21C       30 Initialized Data    ABRESIZE_CONST
  43D24C      23F Initialized Data    ABRESIZE_DATA
  43D48C        9 Initialized Data    ABRPATMG_CONST
  43D498       44 Initialized Data    ABRPATMG_DATA
  43D4DC       76 Initialized Data    ABRPPSEL_CONST
  43D554      11D Initialized Data    ABRPPSEL_DATA
  43D674       4C Initialized Data    ABTOOLBA_DATA
  43D6C0       71 Initialized Data    ABUTIL_CONST
  43D734      261 Initialized Data    ABUTIL_DATA
  43D998       9B Initialized Data    ABWINDOW_DATA
  43DA34      104 Initialized Data    ABWMFPAR_CONST
  43DB38      E61 Initialized Data    ABWMFPAR_DATA
  43E99C       48 Initialized Data    CWSYNCHC_DATA
  43E9E4        E Initialized Data    CWUTIL_CONST
  43E9F4       36 Initialized Data    CWUTIL_DATA
  43EA2C       44 Initialized Data    IEXE32_DATA
  43EA70      503 Initialized Data    STABSEC_CONST
  43EF74       1F Initialized Data    STABSEC_DATA
  43EF94       4F Initialized Data    STABSYNC_DATA
  43EFE4      270 Initialized Data    USER$SEC_CONST
  43F254      4D8 Initialized Data    USER$SEC_DATA
  43F72C      1F0 Initialized Data    USEREDIT001_CONST
  43F91C     2EB8 Initialized Data    USEREDIT001_DATA
  4427D4      240 Initialized Data    USEREDIT002_CONST
  442A14     45B4 Initialized Data    USEREDIT002_DATA
  446FC8      1F9 Initialized Data    USEREDIT003_CONST
  4471C4      294 Initialized Data    USEREDIT003_DATA
  447458      2BB Initialized Data    USEREDIT_BC0_CONST
  447714     30C0 Initialized Data    USEREDIT_BC0_DATA
  44A7D4      2CE Initialized Data    USEREDIT_CONST
  44AAA4      8CC Initialized Data    USEREDIT_DATA
  44B370        0 Initialized Data    __CPPINI_CONS
  44B370      310 Initialized Data    __CPPINI_CONST
  44B680        4 Initialized Data    __CPPINI_END
  44B684        0 Initialized Data    __INIVMT_CONS
  44B684      308 Initialized Data    __INIVMT_CONST
  44B98C        0 Initialized Data    __INIVMT_CONST_END
  44B990     1623 Un-initialized Data $FUZZYMATCHER_BSS
  44CFB4       40 Un-initialized Data ABEIP_BSS
  44CFF4      404 Un-initialized Data ABERROR_BSS
  44D3F8       10 Un-initialized Data ABFILE_BSS
  44D408        4 Un-initialized Data ABFUZZY_BSS
  44D40C      104 Un-initialized Data ABUTIL_BSS
  44D510        0 Un-initialized Data ABWMFPAR_BSS
  44D510        0 Un-initialized Data CWUTIL_BSS
  44D510       96 Un-initialized Data USER$SEC_BSS
  44D5A8      150 Un-initialized Data USEREDIT_BSS
  44E000        8 __T_L_S__DAT
  44E008      F84 __T_L_S__DATA
  44EF8C        0 __T_L_S__DATA_END
  44EF90        0 __T_L_S__BS
  44EF90    134F8 __T_L_S__BSS
  462488        0 __T_L_S__BSS_END

  401440 EVALUATELEVEL@F17LEVELMANAGERCLASSs
  4014CC RESTORERESETBUFFER@F17LEVELMANAGERCLASSs
  401544 SAVERESETBUFFER@F17LEVELMANAGERCLASSs
  4015DC RESTOREBUFFEROFF@F17LEVELMANAGERCLASS
  401630 RESTOREBUFFERON@F17LEVELMANAGERCLASS
  40169C SAVEBUFFER@F17LEVELMANAGERCLASS
  4016F0 REFRESHFIELDS@F17LEVELMANAGERCLASSs
  401828 RESETTOTALS@F17LEVELMANAGERCLASSs
  4018FC ASKLEVELOFF@F17LEVELMANAGERCLASSs
  4019C4 ASKLEVELON@F17LEVELMANAGERCLASSs
  401A30 ASKLEVEL@F17LEVELMANAGERCLASSUc
  401AF0 RESET@F17LEVELMANAGERCLASS
  401C7C ASKBREAK@F17BREAKMANAGERCLASSUc
  401CD4 RESET@F17BREAKMANAGERCLASS
  402344 KILL_@_WINDOWCOMPONENT_@_BROWSECLASS@F15WINDOWCOMPONENT
  402354 RESET_@_WINDOWCOMPONENT_@_BROWSECLASS@F15WINDOWCOMPONENTUc
  402368 RESETREQUIRED_@_WINDOWCOMPONENT_@_BROWSECLASS@F15WINDOWCOMPONENT
  402378 SETALERTS_@_WINDOWCOMPONENT_@_BROWSECLASS@F15WINDOWCOMPONENT
  40238C TAKEEVENT_@_WINDOWCOMPONENT_@_BROWSECLASS@F15WINDOWCOMPONENT
  4023A0 UPDATE_@_WINDOWCOMPONENT_@_BROWSECLASS@F15WINDOWCOMPONENT
  4023B4 UPDATEWINDOW_@_WINDOWCOMPONENT_@_BROWSECLASS@F15WINDOWCOMPONENT
  4023C8 UPDATEWINDOW@F11BROWSECLASS
  4025A8 UPDATEVIEWRECORD@F11BROWSECLASS
  40268C UPDATETHUMBFIXED@F11BROWSECLASS
  40283C UPDATETHUMB@F11BROWSECLASS
  402AE0 UPDATERESETS@F11BROWSECLASS
  402AF4 UPDATEBUFFER@F11BROWSECLASS
  402B2C TAKEVCRSCROLL@F11BROWSECLASSl
  402C14 TAKESCROLL@F11BROWSECLASSl
  402C98 TAKENEWSELECTION@F11BROWSECLASS
  402D2C TAKELOCATE@F11BROWSECLASS
  402DA4 TAKEKEY@F11BROWSECLASS
  403048 TAKEEVENT@F11BROWSECLASS
  4037AC TAKECHOICECHANGED@F11BROWSECLASS
  403814 TAKEACCEPTEDLOCATOR@F11BROWSECLASS
  403908 GETUSEMRP@F11BROWSECLASS
  40390C SETUSEMRP@F11BROWSECLASSUc
  403910 SETUSEPOPUP@F11BROWSECLASSUc
  403914 SETSORT@F11BROWSECLASSUcUc
  403A50 SETQUEUERECORD@F11BROWSECLASS
  403A70 SETALERTS@F11BROWSECLASS
  403F84 SCROLLPAGE@F11BROWSECLASSl
  4040C4 SCROLLONE@F11BROWSECLASSl
  404124 SCROLLEND@F11BROWSECLASSl
  40419C RESETTHUMBLIMITS@F11BROWSECLASS
  4042D8 RESETSORT@F11BROWSECLASSUc
  4042FC RESETRESETS@F11BROWSECLASS
  404310 RESETQUEUE@F11BROWSECLASSUc
  4048D0 RESETFROMVIEW@F11BROWSECLASS
  404918 RESETFROMFILE@F11BROWSECLASS
  40493C RESETFROMBUFFER@F11BROWSECLASS
  4049AC RESETFROMASK@F11BROWSECLASSRUcRUc
  404BA4 RECORDS@F11BROWSECLASS
  404C0C PREVIOUS@F11BROWSECLASS
  404C58 POSTNEWSELECTION@F11BROWSECLASS
  404CB0 NOTIFYUPDATEERROR@F11BROWSECLASS
  404CD0 NEXT@F11BROWSECLASS
  404D1C KILL@F11BROWSECLASS
  404F60 INITSORT@F11BROWSECLASSUc
  404FB4 INIT@F11BROWSECLASS12ILISTCONTROLBi11BROWSEQUEUE15RELATIONMANAGER13WINDOWMANAGER
  4050B4 INIT@F11BROWSECLASSlRsbBiBq15RELATIONMANAGER13WINDOWMANAGER
  405118 FETCH@F11BROWSECLASSUc
  4053A4 CHECKEIP@F11BROWSECLASS
  405468 ASKRECORD@F11BROWSECLASSUc
  40547C ASK@F11BROWSECLASSUc
  40554C APPLYRANGE@F11BROWSECLASS
  4055B8 ADDSORTORDER@F11BROWSECLASS9STEPCLASSBk
  405634 ADDLOCATOR@F11BROWSECLASS12LOCATORCLASS
  405650 ADDFIELD@F11BROWSECLASSRsbRsb
  4056AC ADDFIELD@F11BROWSECLASSRlRl
  40570C ADDFIELD@F11BROWSECLASSRuRu
  40574C RECORDS_@_BROWSEQUEUE_@_STANDARDBEHAVIOR@F11BROWSEQUEUE
  405758 INSERT_@_BROWSEQUEUE_@_STANDARDBEHAVIOR@F11BROWSEQUEUE
  405764 INSERT_@_BROWSEQUEUE_@_STANDARDBEHAVIOR@F11BROWSEQUEUEl
  405770 FETCH_@_BROWSEQUEUE_@_STANDARDBEHAVIOR@F11BROWSEQUEUEl
  40577C UPDATE_@_BROWSEQUEUE_@_STANDARDBEHAVIOR@F11BROWSEQUEUE
  405788 DELETE_@_BROWSEQUEUE_@_STANDARDBEHAVIOR@F11BROWSEQUEUE
  405794 FREE_@_BROWSEQUEUE_@_STANDARDBEHAVIOR@F11BROWSEQUEUE
  4057A0 WHO_@_BROWSEQUEUE_@_STANDARDBEHAVIOR@F11BROWSEQUEUEl
  4057B0 GETVIEWPOSITION_@_BROWSEQUEUE_@_STANDARDBEHAVIOR@F11BROWSEQUEUE
  4057C8 SETVIEWPOSITION_@_BROWSEQUEUE_@_STANDARDBEHAVIOR@F11BROWSEQUEUEsb
  405800 CHOICE_@_ILISTCONTROL_@_STANDARDBEHAVIOR@F12ILISTCONTROL
  40580C GETCONTROL_@_ILISTCONTROL_@_STANDARDBEHAVIOR@F12ILISTCONTROL
  405810 GETITEMS_@_ILISTCONTROL_@_STANDARDBEHAVIOR@F12ILISTCONTROL
  405844 GETVISIBLE_@_ILISTCONTROL_@_STANDARDBEHAVIOR@F12ILISTCONTROL
  405878 SETCHOICE_@_ILISTCONTROL_@_STANDARDBEHAVIOR@F12ILISTCONTROLl
  4058CC SETCONTROL_@_ILISTCONTROL_@_STANDARDBEHAVIOR@F12ILISTCONTROLl
  4058D0 INIT@F16STANDARDBEHAVIORBqRsbl
  4058E8 TAKENEWSELECTION@F16BROWSEEIPMANAGER
  405980 TAKECOMPLETED@F16BROWSEEIPMANAGERUc
  405B68 KILL@F16BROWSEEIPMANAGER
  405B9C INIT@F16BROWSEEIPMANAGER
  405F60 CLEARCOLUMN@F16BROWSEEIPMANAGER
  405FA8 TAKEKEY@F23INCREMENTALLOCATORCLASS
  4060DC SETALERTS@F23INCREMENTALLOCATORCLASSl
  406138 UPDATEWINDOW@F17ENTRYLOCATORCLASS
  406148 UPDATE@F17ENTRYLOCATORCLASS
  40623C TAKEACCEPTED@F17ENTRYLOCATORCLASS
  4062F4 SETSHADOW@F17ENTRYLOCATORCLASSsb
  406330 SET@F17ENTRYLOCATORCLASS
  40639C GETSHADOW@F17ENTRYLOCATORCLASS
  4063AC INIT@F17ENTRYLOCATORCLASSlRuUc
  406444 TAKEKEY@F16STEPLOCATORCLASS
  406670 SET@F16STEPLOCATORCLASS
  406674 INIT@F16STEPLOCATORCLASSlRuUc
  40669C UPDATEWINDOW@F12LOCATORCLASS
  4066A4 TAKEACCEPTED@F12LOCATORCLASS
  4066A8 SETSHADOW@F12LOCATORCLASSsb
  4066C4 SETENABLED@F12LOCATORCLASSUc
  406708 SETALERTS@F12LOCATORCLASSl
  40670C SETLOCATORFIELD@F12LOCATORCLASSRu
  406760 SET@F12LOCATORCLASS
  406790 RESET@F12LOCATORCLASS
  406794 INIT@F12LOCATORCLASSlRuUc11BROWSECLASS
  4067C8 INIT@F12LOCATORCLASSlRuUc
  4067E4 GETSHADOW@F12LOCATORCLASS
  406800 DESTRUCT@F12LOCATORCLASS
  406814 UNHASH@F15STEPSTRINGCLASSl
  4068A4 SETLIMITNEEDED@F15STEPSTRINGCLASS
  4068B8 SETLIMIT@F15STEPSTRINGCLASSuu
  406BA0 KILL@F15STEPSTRINGCLASS
  406BCC INIT@F15STEPSTRINGCLASSUcUc
  406DE8 HASH@F15STEPSTRINGCLASSsb
  406EA0 GETVALUE@F15STEPSTRINGCLASSUc
  406EF8 GETPERCENTILE@F15STEPSTRINGCLASSu
  407004 SETLIMIT@F13STEPLONGCLASSuu
  4070F0 GETVALUE@F13STEPLONGCLASSUc
  407150 GETPERCENTILE@F13STEPLONGCLASSu
  4071F8 SETLIMITNEEDED@F9STEPCLASS
  4071FC KILL@F9STEPCLASS
  407200 INIT@F9STEPCLASSUc
  407204 TAKENEWSELECTION@F10EIPMANAGER
  40727C TAKEFOCUSLOSS@F10EIPMANAGER
  4072D0 TAKEFIELDEVENT@F10EIPMANAGER
  407420 TAKEEVENT@F10EIPMANAGER
  4074B0 TAKECOMPLETED@F10EIPMANAGERUc
  4074FC TAKEACTION@F10EIPMANAGERl
  407804 TAKEACCEPTALL@F10EIPMANAGER
  407950 RUN@F10EIPMANAGERUc
  4079E8 RESETCOLUMN@F10EIPMANAGER
  407AB0 GETEDIT@F10EIPMANAGER
  407B0C NEXT@F10EIPMANAGER
  407BE8 KILL@F10EIPMANAGER
  407D70 INITCONTROLS@F10EIPMANAGER
  407F7C INIT@F10EIPMANAGER
  407FE8 CLEARCOLUMN@F10EIPMANAGER
  408030 ADDCONTROL@F10EIPMANAGER9EDITCLASSlUc
  40808C CREATECONTROL@F14EDITENTRYCLASS
  4080B0 RESETCONTROL@F9EDITCLASS
  4080B4 GETFEQ@F9EDITCLASS
  4080B8 TAKEEVENT@F9EDITCLASSl
  408100 TAKEACCEPTED@F9EDITCLASSUc
  408118 SETREADONLY@F9EDITCLASSUc
  408174 SETALERTS@F9EDITCLASS
  408274 KILL@F9EDITCLASS
  4082A4 INIT@F9EDITCLASSllRu
  408450 KILL_@_WINDOWCOMPONENT_@_HISTHANDLERCLASS@F15WINDOWCOMPONENT
  408454 RESET_@_WINDOWCOMPONENT_@_HISTHANDLERCLASS@F15WINDOWCOMPONENTUc
  408458 RESETREQUIRED_@_WINDOWCOMPONENT_@_HISTHANDLERCLASS@F15WINDOWCOMPONENT
  40845C SETALERTS_@_WINDOWCOMPONENT_@_HISTHANDLERCLASS@F15WINDOWCOMPONENT
  408460 TAKEEVENT_@_WINDOWCOMPONENT_@_HISTHANDLERCLASS@F15WINDOWCOMPONENT
  408468 UPDATE_@_WINDOWCOMPONENT_@_HISTHANDLERCLASS@F15WINDOWCOMPONENT
  40846C UPDATEWINDOW_@_WINDOWCOMPONENT_@_HISTHANDLERCLASS@F15WINDOWCOMPONENT
  408480 VLBPROC@F16HISTHANDLERCLASSls
  40852C TAKEEVENT@F16HISTHANDLERCLASS
  4085F4 INIT@F16HISTHANDLERCLASSBw10ERRORCLASS16ERRORHISTORYLIST
  408600 _VLBPROC@F16HISTHANDLERCLASSls
  408610 TAKEACCEPTED@F11MSGBOXCLASS
  40864C SETUPADDITIONALFEQS@F11MSGBOXCLASS
  4086D4 KILL@F11MSGBOXCLASS
  408714 INIT@F11MSGBOXCLASS
  4089C4 INIT@F11MSGBOXCLASSBw10ERRORCLASSOsbllll
  408A5C FETCHSTDBUTTON@F11MSGBOXCLASSs
  408A90 GETALLSTATUSVARIABLES@F10ERRORCLASS16ERRORSTATUSGROUP
  408AC0 GETERRORBUFFERFATALITY@F10ERRORCLASS
  408AF0 GETERRORBUFFERTITLE@F10ERRORCLASS
  408B28 GETERRORBUFFERID@F10ERRORCLASS
  408B4C SETMESSAGETEXT@F10ERRORCLASSsb
  408B9C SETKEYNAME@F10ERRORCLASSsb
  408BEC SETFIELDNAME@F10ERRORCLASSsb
  408C3C SETFILENAME@F10ERRORCLASSsb
  408C8C STOREERRORENTRY@F10ERRORCLASSUs
  408DBC GETHISTORYRESETONVIEW@F10ERRORCLASS
  408E08 SETHISTORYRESETONVIEW@F10ERRORCLASSUc
  408E50 GETHISTORYVIEWLEVEL@F10ERRORCLASS
  408E9C SETHISTORYVIEWLEVEL@F10ERRORCLASSl
  408EE4 GETHISTORYTHRESHOLD@F10ERRORCLASS
  408F30 SETHISTORYTHRESHOLD@F10ERRORCLASSl
  408F78 GETLOGERRORS@F10ERRORCLASS
  408FC4 GETSILENT@F10ERRORCLASS
  409010 SETDEFAULTCATEGORY@F10ERRORCLASSsa
  409058 GETDEFAULTCATEGORY@F10ERRORCLASS
  4090A4 VIEWHISTORY@F10ERRORCLASS
  4090D0 THROWMESSAGE@F10ERRORCLASSssb
  409120 THROWFILE@F10ERRORCLASSssb
  40916C THROW@F10ERRORCLASSs
  409180 TAKEUSER@F10ERRORCLASS
  4091DC TAKEPROGRAM@F10ERRORCLASS
  4091E4 TAKEOTHER@F10ERRORCLASS
  4091EC TAKENOTIFY@F10ERRORCLASS
  409238 TAKEFATAL@F10ERRORCLASS
  4092C4 TAKEERROR@F10ERRORCLASSs
  4094C8 TAKEBENIGN@F10ERRORCLASS
  4094CC SUBSSTRING@F10ERRORCLASS
  409880 SETPROCEDURENAME@F10ERRORCLASSOsb
  409930 GETERRORENTRY@F10ERRORCLASSUs15ERRORENTRYGROUPl
  4099D4 GETERRORENTRY@F10ERRORCLASSUs15ERRORENTRYGROUP
  409A08 SETID@F10ERRORCLASSUsl
  409A40 SETID@F10ERRORCLASSUs
  409A5C SETKEY@F10ERRORCLASSsb
  409A98 SETFILE@F10ERRORCLASSsb
  409AD4 SETFIELD@F10ERRORCLASSsb
  409B10 SETERRORS@F10ERRORCLASS
  409B94 SETERRORLOG@F10ERRORCLASS17ERRORLOGINTERFACE
  409C34 SETCATEGORY@F10ERRORCLASSssa
  409C80 RESETHISTORY@F10ERRORCLASS
  409CA8 REMOVEERROR@F10ERRORCLASSUs
  409CE8 MESSAGEBOX@F10ERRORCLASSUcsbOsbOsblll
  409D80 MSG@F10ERRORCLASSsbOsbOsblll
  40A0CC MESSAGE@F10ERRORCLASSsll
  40A130 KILL@F10ERRORCLASS
  40A1D4 INIT@F10ERRORCLASS16ERRORSTATUSCLASS
  40A230 INIT@F10ERRORCLASS
  40A304 HISTORYMSG@F10ERRORCLASSsblll
  40A4C4 GETPROCEDURENAME@F10ERRORCLASS
  40A598 GETCATEGORY@F10ERRORCLASSs
  40A620 ADDHISTORY@F10ERRORCLASS
  40A650 ADDERRORS@F10ERRORCLASS10ERRORBLOCK
  40A7FC ADDERROR@F10ERRORCLASSUsRsbRsbUcsa
  40A8A8 DESTRUCT@F10ERRORCLASS
  40A8C4 CONSTRUCT@F10ERRORCLASS
  40A8DC DESTRUCT@F16ERRORSTATUSCLASS
  40A910 CONSTRUCT@F16ERRORSTATUSCLASS
  40AA48 CLOSE_@_ERRORLOGINTERFACE_@_STANDARDERRORLOGCLASS@F17ERRORLOGINTERFACEUc
  40AA50 OPEN_@_ERRORLOGINTERFACE_@_STANDARDERRORLOGCLASS@F17ERRORLOGINTERFACEUc
  40AA58 TAKE_@_ERRORLOGINTERFACE_@_STANDARDERRORLOGCLASS@F17ERRORLOGINTERFACEsb
  40AAFC CLOSE@F21STANDARDERRORLOGCLASSUc
  40AB78 OPEN@F21STANDARDERRORLOGCLASSUc
  40AC20 DESTRUCT@F21STANDARDERRORLOGCLASS
  40AC2C CONSTRUCT@F21STANDARDERRORLOGCLASS
  40AE78 REMOVERELATIONFILEMAPPING@F12FILESMANAGER15RELATIONMANAGER
  40AE98 REMOVERELATIONFILEMAPPING@F12FILESMANAGERl
  40AEB4 REMOVEFILEMAPPING@F12FILESMANAGER11FILEMANAGER
  40AED0 REMOVEFILEMAPPING@F12FILESMANAGERl
  40AEEC NOTEUSAGE@F12FILESMANAGER11FILEMANAGERUc
  40AFC4 NOTEOPEN@F12FILESMANAGER11FILEMANAGER
  40B008 NOTECLOSE@F12FILESMANAGER11FILEMANAGER
  40B098 GETRELATIONFILEMAPPING@F12FILESMANAGERl
  40B0D0 GETFILEMAPPING@F12FILESMANAGERl
  40B108 GETFILEID@F12FILESMANAGERBf
  40B120 FINDRECORD@F12FILESMANAGER11FILEMANAGER
  40B1CC ADDFILEMAPPING@F12FILESMANAGER15RELATIONMANAGER
  40B228 ADDFILEMAPPING@F12FILESMANAGER11FILEMANAGER
  40B284 DESTRUCT@F12FILESMANAGER
  40B2C4 CONSTRUCT@F12FILESMANAGER
  40BA1C OPENFILE_@_IFILEOPENSERVER_@_UNTHREADEDFILEOPENSERVER@F15IFILEOPENSERVERl
  40BAAC CLOSEFILE_@_IFILEOPENSERVER_@_UNTHREADEDFILEOPENSERVER@F15IFILEOPENSERVER
  40BB2C LINK_@_IFILEOPENSERVER_@_UNTHREADEDFILEOPENSERVER@F15IFILEOPENSERVER
  40BB7C RELEASE_@_IFILEOPENSERVER_@_UNTHREADEDFILEOPENSERVER@F15IFILEOPENSERVER
  40BC08 INIT@F24UNTHREADEDFILEOPENSERVERBf
  40BC1C DESTRUCT@F24UNTHREADEDFILEOPENSERVER
  40BC40 CONSTRUCT@F24UNTHREADEDFILEOPENSERVER
  40BC70 OPENFILE_@_IFILEOPENSERVER_@_THREADEDFILEOPENSERVER@F15IFILEOPENSERVERl
  40BC9C CLOSEFILE_@_IFILEOPENSERVER_@_THREADEDFILEOPENSERVER@F15IFILEOPENSERVER
  40BCAC LINK_@_IFILEOPENSERVER_@_THREADEDFILEOPENSERVER@F15IFILEOPENSERVER
  40BCB8 RELEASE_@_IFILEOPENSERVER_@_THREADEDFILEOPENSERVER@F15IFILEOPENSERVER
  40BCC4 RELEASE@F14FILEOPENSERVER
  40BCE4 LINK@F14FILEOPENSERVER
  40BCE8 INIT@F14FILEOPENSERVERBf
  40BCEC DESTRUCT@F14FILEOPENSERVER
  40BCF0 CONSTRUCT@F14FILEOPENSERVER
  40BCF8 VALIDATERECORD@F11VIEWMANAGER
  40BCFC UNUSEVIEW@F11VIEWMANAGER
  40BD94 USEVIEW@F11VIEWMANAGER
  40BE58 SETSORT@F11VIEWMANAGERUc
  40BE84 SETORDER@F11VIEWMANAGERsb
  40BF14 SETFREEELEMENT@F11VIEWMANAGER
  40BF90 SETFILTER@F11VIEWMANAGERsbsb
  40C0CC SETFILTER@F11VIEWMANAGERsb
  40C114 SAVEBUFFERS@F11VIEWMANAGER
  40C1C4 RESTOREBUFFERS@F11VIEWMANAGER
  40C22C RESET@F11VIEWMANAGER
  40C238 RESET@F11VIEWMANAGERUc
  40C280 PRIMERECORD@F11VIEWMANAGERUc
  40C3C4 PREVIOUS@F11VIEWMANAGER
  40C428 OPEN@F11VIEWMANAGER
  40C4A4 NEXT@F11VIEWMANAGER
  40C508 LIMITMAJORCOMPONENTS@F11VIEWMANAGERRu
  40C5C4 KILL@F11VIEWMANAGER
  40C71C GETFIELDASCENDING@F11VIEWMANAGERRu
  40CA80 INIT@F11VIEWMANAGERBi15RELATIONMANAGER9SORTORDER
  40CAE0 GETFREEELEMENTPOSITION@F11VIEWMANAGER
  40CB38 GETFREEELEMENTNAME@F11VIEWMANAGER
  40CB8C GETFREEELEMENTASCENDING@F11VIEWMANAGER
  40CBE4 CLEARFILESRECORD@F11VIEWMANAGER
  40CC9C CLOSE@F11VIEWMANAGERUc
  40CCB8 CLOSE@F11VIEWMANAGER
  40CCC4 APPLYRANGE@F11VIEWMANAGER
  40CE90 APPLYORDER@F11VIEWMANAGER
  40CEE8 APPLYFILTER@F11VIEWMANAGER
  40D44C APPENDORDER@F11VIEWMANAGERsb
  40D52C ADDSORTORDER@F11VIEWMANAGERBk
  40D5F8 ADDRANGE@F11VIEWMANAGERRu15RELATIONMANAGER15RELATIONMANAGER
  40D620 ADDRANGE@F11VIEWMANAGERRuRu
  40D67C DESTRUCT@F11VIEWMANAGER
  40D690 DEFEREDADDRELATIONS@F15RELATIONMANAGER
  40D694 UPDATESECONDARY@F15RELATIONMANAGERBk18BUFFEREDPAIRSCLASSUc
  40D824 UPDATE@F15RELATIONMANAGERUc
  40DA38 INSERT@F15RELATIONMANAGER
  40DB90 SETOPENRELATED@F15RELATIONMANAGER
  40DB98 SETQUICKSCAN@F15RELATIONMANAGERUcUc
  40DCA4 SETALIAS@F15RELATIONMANAGER15RELATIONMANAGER
  40DCA8 SAVE@F15RELATIONMANAGER
  40DCF0 FORCEOPEN@F15RELATIONMANAGERUc
  40DD00 OPEN@F15RELATIONMANAGERUc
  40DD28 OPENCLOSESERVER@F15RELATIONMANAGERUcUc
  40DEAC LOGOUTINSERT@F15RELATIONMANAGER
  40DF40 LOGOUTUPDATE@F15RELATIONMANAGER
  40DFAC LOGOUTPRIME@F15RELATIONMANAGER
  40E08C LOGOUTDELETE@F15RELATIONMANAGER
  40E108 LISTLINKINGFIELDS@F15RELATIONMANAGER15RELATIONMANAGER15FIELDPAIRSCLASSUc
  40E278 KILL@F15RELATIONMANAGER
  40E2FC INIT@F15RELATIONMANAGER11FILEMANAGERUc
  40E334 DELETESECONDARY@F15RELATIONMANAGERBk18BUFFEREDPAIRSCLASSUcUc
  40E5CC DELETE@F15RELATIONMANAGERUc
  40E818 CLOSE@F15RELATIONMANAGERUc
  40E824 CASCADEUPDATES@F15RELATIONMANAGER
  40E900 CANCELAUTOINC@F15RELATIONMANAGER
  40E914 ADDRELATIONLINK@F15RELATIONMANAGERRlRl
  40E97C ADDRELATIONLINK@F15RELATIONMANAGERRuRu
  40E9C8 ADDRELATION@F15RELATIONMANAGER15RELATIONMANAGERUcUcBk
  40EA28 ADDRELATION@F15RELATIONMANAGER15RELATIONMANAGER
  40EA54 DEFEREDRELATIONS@F15RELATIONMANAGER
  40EA7C CONSTRUCT@F15RELATIONMANAGER
  40EA84 FUNCTIONCALLED_@_FILECALLBACKINTERFACE_@_FILEMANAGER@F21FILECALLBACKINTERFACEl6PARAMSRscRsc
  40EB30 FUNCTIONDONE_@_FILECALLBACKINTERFACE_@_FILEMANAGER@F21FILECALLBACKINTERFACEl6PARAMSRscRsc
  40EC7C POSTCREATE@F11FILEMANAGERRscRsc
  40EC84 PRECREATE@F11FILEMANAGERRscRsc
  40EC8C POSTFETCH@F11FILEMANAGERlBksbllRscRsc
  40ECB0 PREFETCH@F11FILEMANAGERlBksbllRscRsc
  40ECD4 POSTUPDATE@F11FILEMANAGERRscRsc
  40ECDC PREUPDATE@F11FILEMANAGERllRscRsc
  40ECE4 POSTINSERT@F11FILEMANAGERRscRsc
  40ECEC PREINSERT@F11FILEMANAGERllRscRsc
  40ECF4 POSTDELETE@F11FILEMANAGERRscRsc
  40ECFC PREDELETE@F11FILEMANAGERRscRsc
  40ED04 FUNCTIONDONE@F11FILEMANAGERl6PARAMSRscRsc
  40EE38 FUNCTIONCALLED@F11FILEMANAGERl6PARAMSRscRsc
  40EF9C GETAUTOINCDONE@F11FILEMANAGER
  40EFA4 GETMRPSIZE@F11FILEMANAGER
  40EFAC SETMRPSIZE@F11FILEMANAGERUc
  40EFB4 GETUSEMRP@F11FILEMANAGER
  40EFBC SETUSEMRP@F11FILEMANAGERUc
  40EFC4 DELETED@F11FILEMANAGER
  40EFC8 DELETERECORD@F11FILEMANAGERUc
  40F01C VALIDATERECORD@F11FILEMANAGERPl
  40F0D4 VALIDATEFIELDS@F11FILEMANAGERllPl
  40F190 VALIDATEFIELDSERVER@F11FILEMANAGERlUc
  40F1FC TRYVALIDATEFIELD@F11FILEMANAGERl
  40F20C VALIDATEFIELD@F11FILEMANAGERl
  40F21C USEFILE@F11FILEMANAGERUc
  40F310 UPDATESERVER@F11FILEMANAGERUc
  40F408 UPDATE@F11FILEMANAGER
  40F414 TRYUPDATE@F11FILEMANAGER
  40F420 TRYREGET@F11FILEMANAGERsb
  40F4C8 TRYPRIMEAUTOINC@F11FILEMANAGER
  40F4D4 TRYPREVIOUS@F11FILEMANAGER
  40F4E4 TRYOPEN@F11FILEMANAGER
  40F4F4 TRYNEXT@F11FILEMANAGER
  40F504 TRYINSERT@F11FILEMANAGER
  40F510 TRYFETCH@F11FILEMANAGERBk
  40F558 THROWMESSAGE@F11FILEMANAGERUssb
  40F5AC THROW@F11FILEMANAGER
  40F5D0 THROW@F11FILEMANAGERUs
  40F5E8 SETKEY@F11FILEMANAGERBk
  40F640 SETERRORS@F11FILEMANAGER10ERRORCLASS
  40F644 SETERROR@F11FILEMANAGERUs
  40F65C SAVEFILE@F11FILEMANAGER
  40F778 SAVEBUFFER@F11FILEMANAGER
  40F8D0 RESTOREFILE@F11FILEMANAGERRUs11FILEMANAGERUc
  40FA00 RESTOREFILE@F11FILEMANAGERRUsUc
  40FA10 RESTOREBUFFER@F11FILEMANAGERRUs11FILEMANAGERUc
  40FB80 RESTOREBUFFER@F11FILEMANAGERRUsUc
  40FB90 PRIMERECORD@F11FILEMANAGERUc
  40FC9C PRIMEFIELDS@F11FILEMANAGER
  40FCA0 PRIMEAUTOINCSERVER@F11FILEMANAGERUc
  410250 PRIMEAUTOINC@F11FILEMANAGER
  41025C PREVIOUS@F11FILEMANAGER
  41026C POSITION@F11FILEMANAGER
  4102EC OPENSERVER@F11FILEMANAGERUcUc
  41034C OPENFILE@F11FILEMANAGERUc
  41056C OPEN@F11FILEMANAGER
  41057C NEXTSERVER@F11FILEMANAGERUcUc
  410698 NEXT@F11FILEMANAGER
  4106A8 KILL@F11FILEMANAGER
  4106EC KEYTOORDER@F11FILEMANAGERBkUc
  410838 ISOPENED@F11FILEMANAGER
  410858 INSERTSERVER@F11FILEMANAGERUc
  410A70 INSERT@F11FILEMANAGER
  410A7C INIT@F11FILEMANAGERBf10ERRORCLASS
  410B5C INIT@F11FILEMANAGER
  410B98 GETOPENED@F11FILEMANAGER
  410BA0 GETNAME@F11FILEMANAGER
  410C28 GETFIELDNAME@F11FILEMANAGERBkUc
  410C78 GETFIELDASCENDING@F11FILEMANAGERBkUc
  410CAC GETFIELD@F11FILEMANAGERBkUc
  410CE8 GETEOF@F11FILEMANAGER
  410CF0 GETCOMPONENTS@F11FILEMANAGERBk
  410D0C FETCH@F11FILEMANAGERBk
  410D44 EQUALBUFFER@F11FILEMANAGERRUs
  410E80 CLOSE@F11FILEMANAGER
  410F14 CLEARKEY@F11FILEMANAGERBkUcUcUc
  410FC4 CANCELAUTOINC@F11FILEMANAGER15RELATIONMANAGER
  411034 BINDFIELDS@F11FILEMANAGER
  411058 ADDKEY@F11FILEMANAGERBksbUc
  411350 DESTRUCT@F11FILEMANAGER
  411384 SETOPTION@F10FUZZYCLASSUcUc
  4113E8 KILL@F10FUZZYCLASS
  4113EC INIT@F10FUZZYCLASS
  411400 CONSTRUCT@F10FUZZYCLASS
  411774 TOOLBOX@F10POPUPCLASSsb
  411800 SETTRANSLATOR@F10POPUPCLASS15TRANSLATORCLASS
  411810 SETTOOLBOX@F10POPUPCLASSsbUc
  411870 SETICON@F10POPUPCLASSsbsb
  4118E8 SETITEMENABLE@F10POPUPCLASSsbUc
  411988 SETITEMCHECK@F10POPUPCLASSsbUc
  411A28 SETITEM@F10POPUPCLASSllsbsb
  411C38 RESETTOOLBOX@F10POPUPCLASS
  412040 LOCATENAME@F10POPUPCLASSsb
  4120C4 KILL@F10POPUPCLASS
  4120E0 INIT@F10POPUPCLASS
  412114 GETNAME@F10POPUPCLASSl
  41223C GETMENUTEXT@F10POPUPCLASS
  412524 GETLASTSELECTION@F10POPUPCLASS
  412534 GETITEMS@F10POPUPCLASSUc
  4125E0 EXECUTEPOPUP@F10POPUPCLASSsbll
  4126B0 DELETEITEM@F10POPUPCLASSsb
  4126F8 CHECKMIMICS@F10POPUPCLASS
  4128B8 ASKTOOLBOX@F10POPUPCLASSsb
  412D5C ASK@F10POPUPCLASSll
  412E80 ADDSUBMENU@F10POPUPCLASSsbsbsb
  412F40 ADDSUBMENU@F10POPUPCLASSsbsb
  412FA8 ADDMENU@F10POPUPCLASSsbUc
  41310C ADDITEMMIMIC@F10POPUPCLASSsblOsb
  4131E0 ADDITEMEVENT@F10POPUPCLASSsbll
  4132B8 ADDITEM@F10POPUPCLASSsbsbsbUc
  41334C ADDITEM@F10POPUPCLASSsbsb
  4133BC ADDITEM@F10POPUPCLASSsb
  413E14 CLEARQUERY@F10QUERYCLASS
  413EBC GETQUERIES@F10QUERYCLASS11SECTORQUEUE
  413F5C RESTORE@F10QUERYCLASSsb
  4146EC TAKE@F10QUERYCLASS10POPUPCLASS
  41478C SAVE@F10QUERYCLASSsb
  4148E8 SETQUICKPOPUP@F10QUERYCLASS10POPUPCLASSUs
  414EA0 QUOTE@F10QUERYCLASSsb
  414F84 GETLIMIT@F10QUERYCLASSRscRscRUcUcRsc
  415540 GETFILTER@F10QUERYCLASS
  415A4C MAKEOPERATOR@FsbsbRscRsc
  415E18 MAKEOPERATOR@Fsbsb
  41685C SETPOSITION@F16PAGEMANAGERCLASSlssUsUs
  416A1C SETCENTRE@F16PAGEMANAGERCLASSlUcUc
  416A54 KILL@F16PAGEMANAGERCLASS
  416AA8 INIT@F16PAGEMANAGERCLASS17PRINTPREVIEWCLASSlUsRsb
  416BF8 HIGHLIGHT@F16PAGEMANAGERCLASSl
  416C80 GETPROP@F16PAGEMANAGERCLASSlUs
  416CDC EXISTS@F16PAGEMANAGERCLASSl
  416CF8 DRAW@F16PAGEMANAGERCLASSls
  417484 DELETE@F16PAGEMANAGERCLASSl
  4174C4 DELETE@F16PAGEMANAGERCLASS
  4174E4 COORDCONTAINED@F16PAGEMANAGERCLASSss
  417720 TAKEWINDOWEVENT@F13REPORTMANAGER
  417954 TAKERECORD@F13REPORTMANAGER
  417A88 TAKENORECORDS@F13REPORTMANAGER
  417A98 TAKECLOSEEVENT@F13REPORTMANAGER
  417CA0 TAKEACCEPTED@F13REPORTMANAGER
  417CD0 SETDYNAMICCONTROLSATTRIBUTES@F13REPORTMANAGER
  417CD4 SETSTATICCONTROLSATTRIBUTES@F13REPORTMANAGER
  417CD8 PROCESSRESULTFILES@F13REPORTMANAGER15OUTPUTFILEQUEUE
  417CDC OPENREPORT@F13REPORTMANAGER
  417DE4 OPEN@F13REPORTMANAGER
  417E68 KILL@F13REPORTMANAGER
  417F6C INIT@F13REPORTMANAGER12PROCESSCLASSBr17PRINTPREVIEWCLASS
  4180A4 NEXT@F13REPORTMANAGER
  418120 CANCELPRINTREPORT@F13REPORTMANAGER
  418154 PRINTREPORT@F13REPORTMANAGER
  4184C4 ENDREPORT@F13REPORTMANAGER
  4184FC ASKPREVIEW@F13REPORTMANAGER
  418608 ASK@F13REPORTMANAGER
  41865C GETOPENOUTPUTWHENFINISH@F13REPORTMANAGER
  418664 SETOPENOUTPUTWHENFINISH@F13REPORTMANAGERUc
  41866C GETUSEMRP@F13REPORTMANAGER
  418674 SETUSEMRP@F13REPORTMANAGERUc
  41867C TAKECURRENTPAGE@F17PRINTPREVIEWCLASS
  418800 TAKEFIELDEVENT@F17PRINTPREVIEWCLASS
  418878 TAKEWINDOWEVENT@F17PRINTPREVIEWCLASS
  418894 TAKEEVENT@F17PRINTPREVIEWCLASS
  419078 TAKEACCEPTED@F17PRINTPREVIEWCLASS
  4195C8 SYNCIMAGEQUEUE@F17PRINTPREVIEWCLASS
  419608 SETINIMANAGER@F17PRINTPREVIEWCLASS8INICLASS
  419614 SETDEFAULTPAGES@F17PRINTPREVIEWCLASS
  41965C RESETUSERZOOM@F17PRINTPREVIEWCLASS
  419708 PROCESSRESULTFILES@F17PRINTPREVIEWCLASS15OUTPUTFILEQUEUE
  41970C ONPROCESSFILES@F17PRINTPREVIEWCLASS
  4197EC ONSAVEAS@F17PRINTPREVIEWCLASS
  4198D4 OPEN@F17PRINTPREVIEWCLASS
  419C70 NEWZOOM@F17PRINTPREVIEWCLASS
  419C8C KILL@F17PRINTPREVIEWCLASS
  419D2C INPAGELIST@F17PRINTPREVIEWCLASSl
  419F50 INITWINDOWPOSITION@F17PRINTPREVIEWCLASSBw
  41A07C INIT@F17PRINTPREVIEWCLASS12PREVIEWQUEUE25REPORTTARGETSELECTORCLASS17WMFDOCUMENTPARSER
  41A094 INIT@F17PRINTPREVIEWCLASS12PREVIEWQUEUE
  41A2B0 DRAWPAGE@F17PRINTPREVIEWCLASS
  41A374 DISPLAY@F17PRINTPREVIEWCLASSslUsUs
  41A65C DELETEIMAGEQUEUE@F17PRINTPREVIEWCLASSl
  41A6B4 CONFIGMENUCHECKS@F17PRINTPREVIEWCLASS
  41A758 ASKTHUMBNAILS@F17PRINTPREVIEWCLASS
  41A854 ASKPRINTPAGES@F17PRINTPREVIEWCLASS
  41AA18 ASKPAGE@F17PRINTPREVIEWCLASS
  41AB68 CHILDPROCESSINGEND@F12PROCESSCLASSUs
  41AB70 CHILDPROCESSINGSTART@F12PROCESSCLASSUs
  41ABA4 UPDATEDISPLAY@F12PROCESSCLASS
  41AC20 TAKERECORD@F12PROCESSCLASS
  41AC24 TAKELOCATE@F12PROCESSCLASS
  41AC54 TAKEACCEPTED@F12PROCESSCLASS
  41AC58 SETPROGRESSLIMITS@F12PROCESSCLASSsbsb
  41AD34 SETPROGRESSLIMITS@F12PROCESSCLASS
  41AE08 RESET@F12PROCESSCLASS
  41AE90 NEXT@F12PROCESSCLASSUc
  41B134 KILL@F12PROCESSCLASS
  41B18C INIT@F12PROCESSCLASSBi15RELATIONMANAGERlPUc9STEPCLASSRu
  41B1D4 INIT@F12PROCESSCLASSBi15RELATIONMANAGERlPUcl
  41B204 PERCENTILE2IDX@F17PRINTPREVIEWCLASSs
  41B27C IDX2PERCENTILE@F17PRINTPREVIEWCLASSUc
  41B464 SETPRIORITIES@F17WINDOWRESIZECLASS13POSITIONGROUP
  41B4B0 SETSIZE@F17WINDOWRESIZECLASSl13POSITIONGROUP
  41B564 GETSIZEINFO@F17WINDOWRESIZECLASSl13POSITIONGROUP
  41B678 RESTORECONTROLS@F17WINDOWRESIZECLASS
  41B6CC TAKERESIZE@F17WINDOWRESIZECLASS
  41B6D4 SETSTRATEGY@F17WINDOWRESIZECLASSlUsUs
  41B7E0 SETPOSITION@F17WINDOWRESIZECLASSl13POSITIONGROUP13POSITIONGROUP13POSITIONGROUP13POSITIONGROUP
  41BEC4 SETPARENTDEFAULT@F17WINDOWRESIZECLASS
  41C1B0 SETPARENTDEFAULTS@F17WINDOWRESIZECLASS
  41C1EC SETPARENTCONTROL@F17WINDOWRESIZECLASSll
  41C260 RESTOREWINDOW@F17WINDOWRESIZECLASS
  41C30C RESIZECHILDREN@F17WINDOWRESIZECLASSl13POSITIONGROUP13POSITIONGROUP
  41C4D4 RESIZE@F17WINDOWRESIZECLASSl
  41C800 RESIZE@F17WINDOWRESIZECLASS
  41C810 RESET@F17WINDOWRESIZECLASS
  41CB00 KILL@F17WINDOWRESIZECLASS
  41CB8C INIT@F17WINDOWRESIZECLASSUcUcUc
  41CD9C GETCURRENTPOS@F17WINDOWRESIZECLASSl13POSITIONGROUP
  41CDD8 GETORIGPOS@F17WINDOWRESIZECLASSl13POSITIONGROUP
  41CE28 GETRESIZESTRATEGY@F17WINDOWRESIZECLASSsOUc
  41CFA8 GETPOSITIONSTRATEGY@F17WINDOWRESIZECLASSsOUc
  41D120 GETPARENTCONTROL@F17WINDOWRESIZECLASSl
  41D144 INIT@F22REPORTATTRIBUTEMANAGERBr
  41D148 DESTRUCT@F22REPORTATTRIBUTEMANAGER
  41D168 CONSTRUCT@F22REPORTATTRIBUTEMANAGER
  41D7BC DESTRUCT@F25REPORTTARGETSELECTORCLASS
  41D7DC CONSTRUCT@F25REPORTTARGETSELECTORCLASS
  41D7FC GETREPORTDEFAULT@F25REPORTTARGETSELECTORCLASS
  41D83C GETREPORTSELECTED@F25REPORTTARGETSELECTORCLASS
  41D8A0 GETDEFAULTITEMINDEX@F25REPORTTARGETSELECTORCLASS
  41D8A4 GETSELECTEDITEMINDEX@F25REPORTTARGETSELECTORCLASS
  41D8A8 SETDEFAULTOUTPUTGENERATOR@F25REPORTTARGETSELECTORCLASSsb
  41D8EC GETOUTPUTGENERATORINDEX@F25REPORTTARGETSELECTORCLASSsb
  41D9CC SETSELECTEDOUTPUTGENERATOR@F25REPORTTARGETSELECTORCLASSsb
  41DA3C GETOUTPUTGENERATOR@F25REPORTTARGETSELECTORCLASSsb
  41DA94 GETOUTPUTGENERATORNAME@F25REPORTTARGETSELECTORCLASSsUc
  41DB10 FILLQUEUE@F25REPORTTARGETSELECTORCLASSBqUc
  41DBDC GETPRINTSELECTED@F25REPORTTARGETSELECTORCLASS
  41DBEC ITEM@F25REPORTTARGETSELECTORCLASSsUc
  41DCDC ITEMS@F25REPORTTARGETSELECTORCLASSUc
  41DD3C ASK@F25REPORTTARGETSELECTORCLASSUcUc
  41DFD4 ADDITEM@F25REPORTTARGETSELECTORCLASS22IOUTPUTGENERATORTARGETUc
  41DFF4 TAKEEVENT@F12TOOLBARCLASSPl13WINDOWMANAGER
  41E020 SETTARGET@F12TOOLBARCLASSl
  41E0C8 KILL@F12TOOLBARCLASS
  41E0E0 INIT@F12TOOLBARCLASS
  41E100 DISPLAYBUTTONS@F12TOOLBARCLASS
  41E128 UPDATEQUEUE@F8INICLASSsbsbBqRuPuPuPu
  41E34C UPDATE@F8INICLASSsbsbsb
  41E408 UPDATE@F8INICLASSsbBw
  41E5E8 UPDATE@F8INICLASS
  41E5EC TRYFETCH@F8INICLASSsbsb
  41E664 REMOVE@F8INICLASSsbsb
  41E7CC KILL@F8INICLASS
  41E904 INIT@F8INICLASSsbll
  41EA1C GETSECTORS@F8INICLASSOsbOsbOsb11SECTORQUEUE
  41EC2C GETSECTOR@F8INICLASSsbsbsb
  41ED1C GETFAMILY@F8INICLASSsbRscRscRsc
  41EEA0 FETCHQUEUE@F8INICLASSsbsbBqRuPuPuPu
  41F114 FETCHFIELD@F8INICLASSsbsbUc
  41F254 FETCH@F8INICLASSsbsbRu
  41F318 FETCH@F8INICLASSsbBw
  41F578 FETCH@F8INICLASSsbsb
  41F650 FETCH@F8INICLASS
  41F654 ADDSECTOR@F8INICLASSsb
  41F734 UPDATEWINDOWINFO@F8INICLASSsb10WINDOWINFO
  41F9A0 FETCHWINDOWINFO@F8INICLASSsb10WINDOWINFO
  41FC18 UPDATE@F8INICLASSsbsbsbsb
  41FE04 FETCH@F8INICLASSsbsbsbsb
  420028 DESTRUCT@F8INICLASS
  420044 CONSTRUCT@F8INICLASS
  420058 KILL@F18BUFFEREDPAIRSCLASS
  4200D4 INIT@F18BUFFEREDPAIRSCLASS
  4200F4 EQUALRIGHTBUFFER@F18BUFFEREDPAIRSCLASSUc
  420184 EQUALLEFTBUFFER@F18BUFFEREDPAIRSCLASSUc
  420210 EQUALRIGHTBUFFER@F18BUFFEREDPAIRSCLASS
  42021C EQUALLEFTBUFFER@F18BUFFEREDPAIRSCLASS
  420228 ASSIGNRIGHTTOBUFFER@F18BUFFEREDPAIRSCLASS
  420270 ASSIGNLEFTTOBUFFER@F18BUFFEREDPAIRSCLASS
  4202B4 ASSIGNBUFFERTORIGHT@F18BUFFEREDPAIRSCLASS
  4202FC ASSIGNBUFFERTOLEFT@F18BUFFEREDPAIRSCLASS
  420340 ADDPAIR@F18BUFFEREDPAIRSCLASSRuRu
  4203E0 INIT@F15FIELDPAIRSCLASS
  4203FC KILL@F15FIELDPAIRSCLASS
  420460 EQUALLEFTRIGHT@F15FIELDPAIRSCLASS
  4204B0 EQUAL@F15FIELDPAIRSCLASS
  4204B8 CLEARRIGHT@F15FIELDPAIRSCLASS
  4204F4 CLEARLEFT@F15FIELDPAIRSCLASS
  42052C ASSIGNRIGHTTOLEFT@F15FIELDPAIRSCLASS
  420570 ASSIGNLEFTTORIGHT@F15FIELDPAIRSCLASS
  4205B4 ADDITEM@F15FIELDPAIRSCLASSRu
  4205F8 ADDPAIR@F15FIELDPAIRSCLASSRuRu
  42063C NEXT@F13CONSTANTCLASS
  4207F8 SET@F13CONSTANTCLASSRsb
  42084C RESET@F13CONSTANTCLASS
  42089C KILL@F13CONSTANTCLASS
  4208FC INIT@F13CONSTANTCLASSUc
  420940 GETCSTRING@F13CONSTANTCLASS
  4209C0 GETPSTRING@F13CONSTANTCLASS
  420A4C GETLONG@F13CONSTANTCLASS
  420A70 GETUSHORT@F13CONSTANTCLASS
  420A98 GETSHORT@F13CONSTANTCLASS
  420AA0 GETBYTE@F13CONSTANTCLASS
  420AB4 ADDITEM@F13CONSTANTCLASSUcRu
  420AF0 CONSTRUCT@F13CONSTANTCLASS
  420B08 REMOVEDOLLAR@Fsb
  420BDC ADDDOLLAR@Fsb
  420D60 SAVEONINSERTACTION@F13WINDOWMANAGER
  420E04 SAVEONCHANGEACTION@F13WINDOWMANAGER
  420F1C DELETEACTION@F13WINDOWMANAGER
  4210D8 CHANGEACTION@F13WINDOWMANAGER
  421448 INSERTACTION@F13WINDOWMANAGER
  421638 TAKEDISABLEBUTTON@F13WINDOWMANAGERlUc
  421660 UPDATE@F13WINDOWMANAGER
  42169C TAKEWINDOWEVENT@F13WINDOWMANAGER
  4218C4 TAKESELECTED@F13WINDOWMANAGER
  4218C8 TAKEREJECTED@F13WINDOWMANAGER
  421904 TAKENOTIFY@F13WINDOWMANAGERlll
  421908 TAKENEWSELECTION@F13WINDOWMANAGER
  421988 TAKEFIELDEVENT@F13WINDOWMANAGER
  42198C TAKEEVENT@F13WINDOWMANAGER
  421B34 TAKECLOSEEVENT@F13WINDOWMANAGER
  421CD8 TAKECOMPLETED@F13WINDOWMANAGER
  421DB0 TAKEACCEPTED@F13WINDOWMANAGER
  421E9C SETRESPONSE@F13WINDOWMANAGERUc
  421EE8 SETALERTS@F13WINDOWMANAGER
  421F98 SAVEHISTORY@F13WINDOWMANAGER
  422040 RUN@F13WINDOWMANAGERUsUc
  422044 RUN@F13WINDOWMANAGER
  422090 RESTOREFIELD@F13WINDOWMANAGERl
  422164 RESETBUFFERS@F13WINDOWMANAGERUc
  4221C8 RESET@F13WINDOWMANAGERUc
  422250 PRIMEUPDATE@F13WINDOWMANAGER
  422394 PRIMEFIELDS@F13WINDOWMANAGER
  422398 POSTCOMPLETED@F13WINDOWMANAGER
  422430 OPEN@F13WINDOWMANAGERBwBw
  422478 OPEN@F13WINDOWMANAGER
  4224BC KILL@F13WINDOWMANAGER
  422610 INIT@F13WINDOWMANAGER
  42268C REMOVEITEM@F13WINDOWMANAGER15WINDOWCOMPONENT
  4226C4 ASK@F13WINDOWMANAGER
  422728 ADDUPDATEFILE@F13WINDOWMANAGER11FILEMANAGER
  422768 ADDITEM@F13WINDOWMANAGER17WINDOWRESIZECLASS
  422770 ADDITEM@F13WINDOWMANAGER15WINDOWCOMPONENT
  42279C ADDITEM@F13WINDOWMANAGER12TOOLBARCLASS
  4227B0 ADDITEM@F13WINDOWMANAGERlUc
  4227D4 ADDITEM@F13WINDOWMANAGER11BROWSECLASS
  4227FC ADDHISTORYFILE@F13WINDOWMANAGERRgRg
  422854 ADDHISTORYFIELD@F13WINDOWMANAGERll
  42287C DISABLECANCELCONTROLS@F13WINDOWMANAGER
  4228D4 ENABLECANCELCONTROLS@F13WINDOWMANAGER
  422B00 PROCESSDOCUMENT@F17WMFDOCUMENTPARSER
  422BB0 OPENDOCUMENT@F17WMFDOCUMENTPARSER
  422C1C CLOSEDOCUMENT@F17WMFDOCUMENTPARSER
  422C5C INIT@F17WMFDOCUMENTPARSER12PREVIEWQUEUE16IREPORTGENERATOR10ERRORCLASS
  422CF4 GENERATEREPORT@F17WMFDOCUMENTPARSERUc
  423090 TAKERECORD@F9WMFPARSER
  427914 PROCESSFILE@F9WMFPARSER
  427934 PROCESSHEADER@F9WMFPARSER
  427B08 ADDOBJECT@F9WMFPARSERUc
  427BA8 CLOSEFILE@F9WMFPARSER
  427BE8 RUN@F9WMFPARSER
  427BF0 OPENFILE@F9WMFPARSER
  427CB4 KILL@F9WMFPARSER
  427D1C INIT@F9WMFPARSERsb16IREPORTGENERATOR10ERRORCLASS
  427DE8 GETBOXBOTTOM@F9WMFPARSER
  427DF0 GETBOXRIGHT@F9WMFPARSER
  427DF8 GETBOXTOP@F9WMFPARSER
  427E00 GETBOXLEFT@F9WMFPARSER
  427E08 DESTRUCT@F9WMFPARSER
  427EEC CONSTRUCT@F9WMFPARSER
  428014 GETIFACE@F15CRITICALSECTION
  428018 DESTRUCT@F15CRITICALSECTION
  42802C CONSTRUCT@F15CRITICALSECTION
  428040 KILL@F17CRITICALPROCEDURE
  428064 INIT@F17CRITICALPROCEDURE11ISYNCOBJECT
  428084 DESTRUCT@F17CRITICALPROCEDURE
  42808C CONSTRUCT@F17CRITICALPROCEDURE
  428CD0 __thr_inst0
  428CE0 __thr_init_entry
  428D00 __thr_init_exit
  428D08 PREVIOUSLOGONGETINI@F19SSEC::SECURITYCLASSsb
  428EF0 MASKUSERNAME@F19SSEC::SECURITYCLASS
  428EF4 TRANSLATE@F19SSEC::SECURITYCLASSsb
  429754 TAKEVIEWWINDOWEVENT@F19SSEC::SECURITYCLASSUcOl
  42977C PREPAREVIEWWINDOW@F19SSEC::SECURITYCLASSUcOl
  429BD8 KILL@F19SSEC::SECURITYCLASS
  429BDC INIT@F19SSEC::SECURITYCLASS
  429BE0 FREECACHE@F19SSEC::SECURITYCLASS
  429C28 ENCRYPTPASSWORD@F19SSEC::SECURITYCLASSsbOUc
  429E00 CHECKPREVIOUSLOGON@F19SSEC::SECURITYCLASS
  429F14 GET_PASSWORDENCRYPT@F19SSEC::SECURITYCLASSUc
  429F38 SET_PASSWORDENCRYPT@F19SSEC::SECURITYCLASSsbUc
  429F80 GET_PREVLOGONINI@F19SSEC::SECURITYCLASSUc
  429FA4 SET_PREVLOGONINI@F19SSEC::SECURITYCLASSsbUc
  429FE8 GET_BACKDOORUSERNAME@F19SSEC::SECURITYCLASSUc
  42A00C SET_BACKDOORUSERNAME@F19SSEC::SECURITYCLASSsbUc
  42A050 GET_USERNAME@F19SSEC::SECURITYCLASSUc
  42A074 SET_USERNAME@F19SSEC::SECURITYCLASSsbUc
  42A0B8 GET_USERNO@F19SSEC::SECURITYCLASSUc
  42A0D0 SET_USERNO@F19SSEC::SECURITYCLASSlUc
  42A0E8 GET_AUTOFILLPROGRAM@F19SSEC::SECURITYCLASSUc
  42A10C SET_AUTOFILLPROGRAM@F19SSEC::SECURITYCLASSsbUc
  42A150 SYNCRELEASE@F19SSEC::SECURITYCLASS
  42A15C SYNCWAIT@F19SSEC::SECURITYCLASS
  42A168 DESTRUCT@F19SSEC::SECURITYCLASS
  42A1B0 CONSTRUCT@F19SSEC::SECURITYCLASS
  42A204 GET_HID@F19ST::CRITICALSECTIONRscUc
  42A260 SET_HID@F19ST::CRITICALSECTIONRscsbUc
  42A2E4 GET_HID@F19ST::CRITICALSECTIONRsbUc
  42A354 SET_HID@F19ST::CRITICALSECTIONRsbsbUc
  42A3D8 GET_HID@F19ST::CRITICALSECTIONRlUc
  42A434 SET_HID@F19ST::CRITICALSECTIONRllUc
  42A494 RELEASE@F19ST::CRITICALSECTION
  42A4A8 WAIT@F19ST::CRITICALSECTION
  42A4BC DESTRUCT@F19ST::CRITICALSECTION
  42A4EC CONSTRUCT@F19ST::CRITICALSECTION
  42BC44 LOADPROGQ@F8SECURITY
  42BCD8 LOADPROCQ@F8SECURITY
  42BD70 LOADFILEQ@F8SECURITY
  42BE04 LOADFIELDQ@F8SECURITY
  42BE9C GETPROGNO@F8SECURITYsb
  42BF48 GETPROCNO@F8SECURITYlsb
  42C06C GETFILENO@F8SECURITYsb
  42C180 ADDFILEQ@F8SECURITYOUc
  42C1F0 ADDFIELDQ@F8SECURITYOUc
  42C268 ADDPROGQ@F8SECURITYOUc
  42C2D8 ADDPROCQ@F8SECURITYOUc
  42C3A0 UPDATEPROCEDURE:RUNTIME@F8SECURITYUc
  42C3A4 FETCHUSER@F8SECURITYl
  42C480 SET_USERNO@F8SECURITYlUc
  42C488 UPDATERUNTIME@F8SECURITYsbsbOUcOUc
  42C688 SAVEUSERGROUP@F8SECURITY
  42C698 SAVEUSER@F8SECURITYOUc
  42C7D4 RESTOREUSERGROUP@F8SECURITY
  42C7E4 RESTOREUSER@F8SECURITYOUc
  42C958 RESETOPTIONS@F8SECURITY
  42CA18 PREPAREFILENAMES@F8SECURITY
  42CA1C PREPARELOGONOPENFILES@F8SECURITY
  42CA24 PASSWORDSIZE@F8SECURITYOUc
  42CA78 LOGON@F8SECURITYOl
  42CB84 LOADQS@F8SECURITY
  42CBBC KILL@F8SECURITY
  42CBE0 INIT@F8SECURITY
  42CC20 HALTNOW@F8SECURITYOsb
  42CC90 FREECACHE@F8SECURITY
  42CCD4 CHECKUSERGROUPSEXIST@F8SECURITY
  42CCE4 CHECKUSERSEXIST@F8SECURITYOUc
  42CE48 CHECKACCESS@F8SECURITYsOUcOsbOUc
  42CFFC ADDCALL@F8SECURITYsbsbOlOsbOlOsbOUc
  42F1A4 USEREDIT001$SSEC::UPDATEUSERGROUP@F
  42F760 USEREDIT001$SSEC::BROWSEUSERGROUP@F
  42F9D4 USEREDIT001$SSEC::DENYACCESS@F
  42FA90 USEREDIT001$SSEC::BULKACCESS@FUc
  42FBCC USEREDIT001$SSEC::ACCESSSTATE@F
  42FBFC USEREDIT001$SSEC::UPDATEUIG:GROUP@F
  42FD84 USEREDIT001$SSEC::SELECTUSER@F
  43001C USEREDIT001$SSEC::GRANTACCESS@F
  4300D4 USEREDIT001$SSEC::DELETEACCESS@F
  430124 USEREDIT001$SSEC::FETCHACCESS@F
  4301CC SSEC::MAIN@F
  432F14 USEREDIT002$SSEC::PRINTUSERBYNAME@F
  433110 USEREDIT002$SSEC::PRINTUSERBYGROUP@F
  433324 USEREDIT002$SSEC::PRINTUSERBYACCESS@F
  433544 USEREDIT002$SSEC::PRINTGROUPBYNAME@F
  43373C USEREDIT002$SSEC::PRINTGROUPBYACCESS@F
  433958 USEREDIT002$SSEC::BROWSEUSER@F
  433BCC USEREDIT002$SSEC::GROUPACCESSSTATE@F
  433D88 USEREDIT002$SSEC::UPDATEUIG:USER@F
  433F10 USEREDIT002$SSEC::SELECTGROUP@F
  434184 USEREDIT002$SSEC::UPDATEUSER@F
  435A2C SSEC::LOGON@FOl8SECURITYUcUcUcsbUcUcUcUcUc
  4362FC KILL@F27HIDE:RELATE:SSEC::USERGROUP
  436344 DEFEREDADDRELATIONS@F27HIDE:RELATE:SSEC::USERGROUP
  436364 INIT@F27HIDE:RELATE:SSEC::USERGROUP
  4363AC USEFILE@F27HIDE:ACCESS:SSEC::USERGROUPUc
  4364D8 KILL@F27HIDE:ACCESS:SSEC::USERGROUP
  4364F8 INIT@F27HIDE:ACCESS:SSEC::USERGROUP
  436588 KILL@F22HIDE:RELATE:SSEC::EDIT
  4365D0 DEFEREDADDRELATIONS@F22HIDE:RELATE:SSEC::EDIT
  4365F0 INIT@F22HIDE:RELATE:SSEC::EDIT
  436628 USEFILE@F22HIDE:ACCESS:SSEC::EDITUc
  436724 KILL@F22HIDE:ACCESS:SSEC::EDIT
  436744 INIT@F22HIDE:ACCESS:SSEC::EDIT
  4367C4 KILL@F22HIDE:RELATE:SSEC::CALL
  43680C DEFEREDADDRELATIONS@F22HIDE:RELATE:SSEC::CALL
  43682C INIT@F22HIDE:RELATE:SSEC::CALL
  436864 USEFILE@F22HIDE:ACCESS:SSEC::CALLUc
  4369E4 KILL@F22HIDE:ACCESS:SSEC::CALL
  436A04 INIT@F22HIDE:ACCESS:SSEC::CALL
  436A84 KILL@F24HIDE:RELATE:SSEC::PWDLOG
  436ACC DEFEREDADDRELATIONS@F24HIDE:RELATE:SSEC::PWDLOG
  436AEC INIT@F24HIDE:RELATE:SSEC::PWDLOG
  436B24 USEFILE@F24HIDE:ACCESS:SSEC::PWDLOGUc
  436BF0 KILL@F24HIDE:ACCESS:SSEC::PWDLOG
  436C10 INIT@F24HIDE:ACCESS:SSEC::PWDLOG
  436C90 KILL@F23HIDE:RELATE:SSEC::FIELD
  436CD8 DEFEREDADDRELATIONS@F23HIDE:RELATE:SSEC::FIELD
  436CF8 INIT@F23HIDE:RELATE:SSEC::FIELD
  436D30 USEFILE@F23HIDE:ACCESS:SSEC::FIELDUc
  436DFC KILL@F23HIDE:ACCESS:SSEC::FIELD
  436E1C INIT@F23HIDE:ACCESS:SSEC::FIELD
  436E9C KILL@F22HIDE:RELATE:SSEC::FILE
  436EE4 DEFEREDADDRELATIONS@F22HIDE:RELATE:SSEC::FILE
  436F04 INIT@F22HIDE:RELATE:SSEC::FILE
  436F3C USEFILE@F22HIDE:ACCESS:SSEC::FILEUc
  437008 KILL@F22HIDE:ACCESS:SSEC::FILE
  437028 INIT@F22HIDE:ACCESS:SSEC::FILE
  4370A8 KILL@F27HIDE:RELATE:SSEC::PROCEDURE
  4370F0 DEFEREDADDRELATIONS@F27HIDE:RELATE:SSEC::PROCEDURE
  437110 INIT@F27HIDE:RELATE:SSEC::PROCEDURE
  437148 USEFILE@F27HIDE:ACCESS:SSEC::PROCEDUREUc
  437214 KILL@F27HIDE:ACCESS:SSEC::PROCEDURE
  437234 INIT@F27HIDE:ACCESS:SSEC::PROCEDURE
  4372B4 KILL@F25HIDE:RELATE:SSEC::PROGRAM
  4372FC DEFEREDADDRELATIONS@F25HIDE:RELATE:SSEC::PROGRAM
  43731C INIT@F25HIDE:RELATE:SSEC::PROGRAM
  437354 USEFILE@F25HIDE:ACCESS:SSEC::PROGRAMUc
  437420 KILL@F25HIDE:ACCESS:SSEC::PROGRAM
  437440 INIT@F25HIDE:ACCESS:SSEC::PROGRAM
  4374C0 KILL@F24HIDE:RELATE:SSEC::ACCESS
  437508 DEFEREDADDRELATIONS@F24HIDE:RELATE:SSEC::ACCESS
  437528 INIT@F24HIDE:RELATE:SSEC::ACCESS
  437560 USEFILE@F24HIDE:ACCESS:SSEC::ACCESSUc
  43762C KILL@F24HIDE:ACCESS:SSEC::ACCESS
  43764C INIT@F24HIDE:ACCESS:SSEC::ACCESS
  4376CC KILL@F27HIDE:RELATE:SSEC::DOORGROUP
  437714 DEFEREDADDRELATIONS@F27HIDE:RELATE:SSEC::DOORGROUP
  437734 INIT@F27HIDE:RELATE:SSEC::DOORGROUP
  43776C USEFILE@F27HIDE:ACCESS:SSEC::DOORGROUPUc
  437838 KILL@F27HIDE:ACCESS:SSEC::DOORGROUP
  437858 INIT@F27HIDE:ACCESS:SSEC::DOORGROUP
  4378D8 KILL@F22HIDE:RELATE:SSEC::DOOR
  437920 DEFEREDADDRELATIONS@F22HIDE:RELATE:SSEC::DOOR
  437940 INIT@F22HIDE:RELATE:SSEC::DOOR
  437978 USEFILE@F22HIDE:ACCESS:SSEC::DOORUc
  437A74 KILL@F22HIDE:ACCESS:SSEC::DOOR
  437A94 INIT@F22HIDE:ACCESS:SSEC::DOOR
  437B14 KILL@F29HIDE:RELATE:SSEC::USERINGROUP
  437B5C DEFEREDADDRELATIONS@F29HIDE:RELATE:SSEC::USERINGROUP
  437B7C INIT@F29HIDE:RELATE:SSEC::USERINGROUP
  437BB4 USEFILE@F29HIDE:ACCESS:SSEC::USERINGROUPUc
  437C80 KILL@F29HIDE:ACCESS:SSEC::USERINGROUP
  437CA0 INIT@F29HIDE:ACCESS:SSEC::USERINGROUP
  437D20 KILL@F22HIDE:RELATE:SSEC::USER
  437D68 DEFEREDADDRELATIONS@F22HIDE:RELATE:SSEC::USER
  437D88 INIT@F22HIDE:RELATE:SSEC::USER
  437DC0 USEFILE@F22HIDE:ACCESS:SSEC::USERUc
  437EEC PRIMEFIELDS@F22HIDE:ACCESS:SSEC::USER
  437F0C KILL@F22HIDE:ACCESS:SSEC::USER
  437F2C INIT@F22HIDE:ACCESS:SSEC::USER
  437FAC USEREDIT_BC0$USEREDIT_BC0:FILESINIT@F
  4380DC USEREDIT_BC0$USEREDIT_BC0:DCTKILL@F
  438304 USEREDIT_BC0$USEREDIT_BC0:DCTINIT@F
  438928 DCTKILL@F
  438930 DCTINIT@F
  43893C _main
  4389F4 DESTRUCT@F10DICTIONARY
  4389FC CONSTRUCT@F10DICTIONARY
  439000 $DEFAULTERRORS
  43A3F0 $OVERRIDECHARACTERS
  43A410 $SCROLL:NAME
  43A53C $SCROLL:ALPHA
  43A604 TYPE$BROWSECLASS
  43A9DC TYPE$BROWSEEIPMANAGER
  43ACB0 VMT$BROWSEEIPMANAGER
  43AD54 VMT$BROWSECLASS
  43AF20 TYPE$STANDARDBEHAVIOR
  43AF5C VMT$STANDARDBEHAVIOR
  43AFA8 TYPE$INCREMENTALLOCATORCLASS
  43B004 VMT$INCREMENTALLOCATORCLASS
  43B044 TYPE$STEPLOCATORCLASS
  43B094 VMT$STEPLOCATORCLASS
  43B0D0 TYPE$STEPSTRINGCLASS
  43B120 VMT$STEPSTRINGCLASS
  43B140 TYPE$STEPLONGCLASS
  43B168 VMT$STEPLONGCLASS
  43B1AC TYPE$COLORMAP
  43B1D8 TCB$COLORMAP
  43B1E8 TYPE$EDITENTRYCLASS
  43B230 VMT$EDITENTRYCLASS
  43B3CC STDERRORFILE$TYPE$RECORD
  43B3E4 $STDERRORFILE
  43B460 TYPE$PNQ
  43B480 TYPE$DEFAULTERRORS
  43B700 TYPE$HISTHANDLERCLASS
  43B748 VMT$HISTHANDLERCLASS
  43B778 TYPE$MSGBOXCLASS
  43B9F0 VMT$MSGBOXCLASS
  43BA78 TYPE$ERRORCLASS
  43BCD4 VMT$ERRORCLASS
  43BD20 TYPE$STANDARDERRORLOGCLASS
  43BD58 VMT$STANDARDERRORLOGCLASS
  43BD70 TYPE$ERRORSTATUSCLASS
  43BE64 VMT$ERRORSTATUSCLASS
  43BF40 TYPE$UNTHREADEDFILEOPENERMAP
  43BF64 TCB$UNTHREADEDFILEOPENERMAP
  43BF74 TYPE$FILESMANAGER
  43BFB8 VMT$FILESMANAGER
  43BFC4 TYPE$FILEMAPPING_T
  43BFF0 TYPE$FILEMAPPING_R
  43C020 TYPE$STATUSQ_T
  43C088 TYPE$UNTHREADEDFILEOPENSERVER
  43C0D8 VMT$UNTHREADEDFILEOPENSERVER
  43C0FC TYPE$THREADEDFILEOPENSERVER
  43C130 VMT$THREADEDFILEOPENSERVER
  43C22C TYPE$VIEWMANAGER
  43C2E8 VMT$VIEWMANAGER
  43C444 TYPE$FUZZYCLASS
  43C4EC VMT$FUZZYCLASS
  43C528 TYPE$POPUPITEMQUEUE
  43C598 TYPE$POPUPCLASS
  43C644 VMT$POPUPCLASS
  43C724 TYPE$FIELDQUEUE
  43C920 TYPE$PAGEMANAGERCLASS
  43C9DC VMT$PAGEMANAGERCLASS
  43C9E8 TYPE$ZOOMITEMQUEUE
  43CA20 $ZOOMPRESETS
  43CB14 TYPE$PRINTPREVIEWCLASS
  43D164 VMT$PRINTPREVIEWCLASS
  43D24C TYPE$WINDOWRESIZECLASS
  43D498 TYPE$REPORTATTRIBUTEMANAGER
  43D4B4 VMT$REPORTATTRIBUTEMANAGER
  43D554 TYPE$REPORTTARGETSELECTORCLASS
  43D5E0 VMT$REPORTTARGETSELECTORCLASS
  43D674 TYPE$TOOLBARTARGETQUEUE
  43D690 TYPE$TOOLBARCLASS
  43D6A8 VMT$TOOLBARCLASS
  43D74C TYPE$CONSTDESCRIPTORLIST
  43D774 TYPE$CONSTANTCLASS
  43D814 VMT$CONSTANTCLASS
  43D820 TYPE$INICLASS
  43D868 VMT$INICLASS
  43D8F4 TYPE$BUFFEREDPAIRSCLASS
  43D918 VMT$BUFFEREDPAIRSCLASS
  43D950 TYPE$FIELDPAIRSCLASS
  43D968 VMT$FIELDPAIRSCLASS
  43D998 TYPE$FILELIST
  43D9BC TYPE$HISTORYLIST
  43D9F4 TYPE$BUTTONLIST
  43DA18 TYPE$COMPONENTLIST
  43DB38 WMFINFILE$TYPE$WMFF@:RECORD
  43DB58 TYPE$QUEUEDC
  43DBBC TYPE$QUEUEHOLES
  43DBD0 TYPE$QUEUEBRUSH
  43DBFC TYPE$QUEUEPENS
  43DC28 TYPE$QUEUEFONTS
  43DC70 TYPE$QUEUEOBJECTS
  43DC8C TYPE$WMFDOCUMENTPARSER
  43DCF0 VMT$WMFDOCUMENTPARSER
  43DCFC TYPE$WMFPARSER
  43E814 VMT$WMFPARSER
  43E820 TYPE$POINTQUEUE
  43E83C TYPE$SLICEFORMATQUEUE
  43E8E4 TYPE$TEXTFORMATQUEUE
  43E99C TYPE$CRITICALSECTION
  43E9B4 VMT$CRITICALSECTION
  43E9C0 TYPE$CRITICALPROCEDURE
  43E9D8 VMT$CRITICALPROCEDURE
  43EF94 TYPE$ST::CRITICALSECTION
  43EFB8 VMT$ST::CRITICALSECTION
  43F254 USER$SEC$TYPE$F_PROGQ
  43F270 USER$SEC$TYPE$F_PROCQ
  43F334 USER$SEC$TYPE$F_FILEQ
  43F350 USER$SEC$TYPE$F_FIELDQ
  43F374 USER$SEC$TCB$F_FIELDQ
  43F384 USER$SEC$TCB$F_FILEQ
  43F394 USER$SEC$TCB$F_PROCQ
  43F3A4 USER$SEC$TCB$F_PROGQ
  43F3B4 USER$SEC$TYPE$F_ACCESSQ
  43F3F4 USER$SEC$TYPE$F_USERINGROUPQ
  43F488 TYPE$SECURITY
  43F6E8 VMT$SECURITY
  447714 TYPE$HIDE:RELATE:SSEC::USERGROUP
  4477B8 VMT$HIDE:RELATE:SSEC::USERGROUP
  4477F4 TYPE$HIDE:ACCESS:SSEC::USERGROUP
  4479E8 VMT$HIDE:ACCESS:SSEC::USERGROUP
  447AD4 TYPE$HIDE:RELATE:SSEC::EDIT
  447B78 VMT$HIDE:RELATE:SSEC::EDIT
  447BB4 TYPE$HIDE:ACCESS:SSEC::EDIT
  447DA8 VMT$HIDE:ACCESS:SSEC::EDIT
  447E94 TYPE$HIDE:RELATE:SSEC::CALL
  447F38 VMT$HIDE:RELATE:SSEC::CALL
  447F74 TYPE$HIDE:ACCESS:SSEC::CALL
  448168 VMT$HIDE:ACCESS:SSEC::CALL
  448254 TYPE$HIDE:RELATE:SSEC::PWDLOG
  4482F8 VMT$HIDE:RELATE:SSEC::PWDLOG
  448334 TYPE$HIDE:ACCESS:SSEC::PWDLOG
  448528 VMT$HIDE:ACCESS:SSEC::PWDLOG
  448614 TYPE$HIDE:RELATE:SSEC::FIELD
  4486B8 VMT$HIDE:RELATE:SSEC::FIELD
  4486F4 TYPE$HIDE:ACCESS:SSEC::FIELD
  4488E8 VMT$HIDE:ACCESS:SSEC::FIELD
  4489D4 TYPE$HIDE:RELATE:SSEC::FILE
  448A78 VMT$HIDE:RELATE:SSEC::FILE
  448AB4 TYPE$HIDE:ACCESS:SSEC::FILE
  448CA8 VMT$HIDE:ACCESS:SSEC::FILE
  448D94 TYPE$HIDE:RELATE:SSEC::PROCEDURE
  448E38 VMT$HIDE:RELATE:SSEC::PROCEDURE
  448E74 TYPE$HIDE:ACCESS:SSEC::PROCEDURE
  449068 VMT$HIDE:ACCESS:SSEC::PROCEDURE
  449154 TYPE$HIDE:RELATE:SSEC::PROGRAM
  4491F8 VMT$HIDE:RELATE:SSEC::PROGRAM
  449234 TYPE$HIDE:ACCESS:SSEC::PROGRAM
  449428 VMT$HIDE:ACCESS:SSEC::PROGRAM
  449514 TYPE$HIDE:RELATE:SSEC::ACCESS
  4495B8 VMT$HIDE:RELATE:SSEC::ACCESS
  4495F4 TYPE$HIDE:ACCESS:SSEC::ACCESS
  4497E8 VMT$HIDE:ACCESS:SSEC::ACCESS
  4498D4 TYPE$HIDE:RELATE:SSEC::DOORGROUP
  449978 VMT$HIDE:RELATE:SSEC::DOORGROUP
  4499B4 TYPE$HIDE:ACCESS:SSEC::DOORGROUP
  449BA8 VMT$HIDE:ACCESS:SSEC::DOORGROUP
  449C94 TYPE$HIDE:RELATE:SSEC::DOOR
  449D38 VMT$HIDE:RELATE:SSEC::DOOR
  449D74 TYPE$HIDE:ACCESS:SSEC::DOOR
  449F68 VMT$HIDE:ACCESS:SSEC::DOOR
  44A054 TYPE$HIDE:RELATE:SSEC::USERINGROUP
  44A0F8 VMT$HIDE:RELATE:SSEC::USERINGROUP
  44A134 TYPE$HIDE:ACCESS:SSEC::USERINGROUP
  44A328 VMT$HIDE:ACCESS:SSEC::USERINGROUP
  44A414 TYPE$HIDE:RELATE:SSEC::USER
  44A4B8 VMT$HIDE:RELATE:SSEC::USER
  44A4F4 TYPE$HIDE:ACCESS:SSEC::USER
  44A6E8 VMT$HIDE:ACCESS:SSEC::USER
  44AAA4 $SECURITY
  44ABD4 TYPE$DICTIONARY
  44ABE4 VMT$DICTIONARY
  44ABF0 SSEC::USERGROUP$TYPE$SUGRP_:RECORD
  44AD24 SSEC::EDIT$TYPE$SEDIT_:RECORD
  44AD94 SSEC::CALL$TYPE$SCALL_:RECORD
  44AEA8 SSEC::PWDLOG$TYPE$SPWDLOG_:RECORD
  44AF1C SSEC::FIELD$TYPE$SFIELD_:RECORD
  44AF64 SSEC::FILE$TYPE$SFILE_:RECORD
  44AF98 SSEC::PROCEDURE$TYPE$SPROC_:RECORD
  44B0C4 SSEC::PROGRAM$TYPE$SPROG_:RECORD
  44B0F8 SSEC::ACCESS$TYPE$SACC_:RECORD
  44B148 SSEC::DOORGROUP$TYPE$SDGRP_:RECORD
  44B18C SSEC::DOOR$TYPE$SDOOR_:RECORD
  44B200 SSEC::USERINGROUP$TYPE$SUIG_:RECORD
  44B23C SSEC::USER$TYPE$SUSER_:RECORD
  44B684 VMTP$SECURITY
  44B68C VMTP$DICTIONARY
  44B7B4 VMTP$HIDE:RELATE:SSEC::USERGROUP
  44B7BC VMTP$HIDE:ACCESS:SSEC::USERGROUP
  44B7C4 VMTP$HIDE:RELATE:SSEC::EDIT
  44B7CC VMTP$HIDE:ACCESS:SSEC::EDIT
  44B7D4 VMTP$HIDE:RELATE:SSEC::CALL
  44B7DC VMTP$HIDE:ACCESS:SSEC::CALL
  44B7E4 VMTP$HIDE:RELATE:SSEC::PWDLOG
  44B7EC VMTP$HIDE:ACCESS:SSEC::PWDLOG
  44B7F4 VMTP$HIDE:RELATE:SSEC::FIELD
  44B7FC VMTP$HIDE:ACCESS:SSEC::FIELD
  44B804 VMTP$HIDE:RELATE:SSEC::FILE
  44B80C VMTP$HIDE:ACCESS:SSEC::FILE
  44B814 VMTP$HIDE:RELATE:SSEC::PROCEDURE
  44B81C VMTP$HIDE:ACCESS:SSEC::PROCEDURE
  44B824 VMTP$HIDE:RELATE:SSEC::PROGRAM
  44B82C VMTP$HIDE:ACCESS:SSEC::PROGRAM
  44B834 VMTP$HIDE:RELATE:SSEC::ACCESS
  44B83C VMTP$HIDE:ACCESS:SSEC::ACCESS
  44B844 VMTP$HIDE:RELATE:SSEC::DOORGROUP
  44B84C VMTP$HIDE:ACCESS:SSEC::DOORGROUP
  44B854 VMTP$HIDE:RELATE:SSEC::DOOR
  44B85C VMTP$HIDE:ACCESS:SSEC::DOOR
  44B864 VMTP$HIDE:RELATE:SSEC::USERINGROUP
  44B86C VMTP$HIDE:ACCESS:SSEC::USERINGROUP
  44B874 VMTP$HIDE:RELATE:SSEC::USER
  44B87C VMTP$HIDE:ACCESS:SSEC::USER
  44B884 VMTP$FILESMANAGER
  44B88C VMTP$UNTHREADEDFILEOPENSERVER
  44B894 VMTP$THREADEDFILEOPENSERVER
  44B89C VMTP$VIEWMANAGER
  44B8A4 VMTP$CONSTANTCLASS
  44B8AC VMTP$INICLASS
  44B8B4 VMTP$BUFFEREDPAIRSCLASS
  44B8BC VMTP$FIELDPAIRSCLASS
  44B8C4 VMTP$POPUPCLASS
  44B8CC VMTP$TOOLBARCLASS
  44B8D4 VMTP$EDITENTRYCLASS
  44B8DC VMTP$BROWSEEIPMANAGER
  44B8E4 VMTP$BROWSECLASS
  44B8EC VMTP$STANDARDBEHAVIOR
  44B8F4 VMTP$INCREMENTALLOCATORCLASS
  44B8FC VMTP$STEPLOCATORCLASS
  44B904 VMTP$STEPSTRINGCLASS
  44B90C VMTP$STEPLONGCLASS
  44B914 VMTP$HISTHANDLERCLASS
  44B91C VMTP$MSGBOXCLASS
  44B924 VMTP$ERRORCLASS
  44B92C VMTP$STANDARDERRORLOGCLASS
  44B934 VMTP$ERRORSTATUSCLASS
  44B93C VMTP$CRITICALSECTION
  44B944 VMTP$CRITICALPROCEDURE
  44B94C VMTP$ST::CRITICALSECTION
  44B954 VMTP$FUZZYCLASS
  44B95C VMTP$WMFDOCUMENTPARSER
  44B964 VMTP$WMFPARSER
  44B96C VMTP$REPORTATTRIBUTEMANAGER
  44B974 VMTP$REPORTTARGETSELECTORCLASS
  44B97C VMTP$PAGEMANAGERCLASS
  44B984 VMTP$PRINTPREVIEWCLASS
  44B990 $FUZZYMATCHER
  44CFB4 $COLORMAP
  44CFEC $MULTIWINDOW
  44CFF0 $TXTWINDOW
  44CFF4 $WINDOW
  44CFF8 STDERRORFILE$RECORD
  44D3F8 $UNTHREADEDFILEOPENERMAP
  44D400 $CREATEOPENERCRIT
  44D510 USER$SEC$F_PROGQ
  44D51C USER$SEC$F_PROCQ
  44D55C USER$SEC$F_FILEQ
  44D580 USER$SEC$F_FIELDQ
  44D5A8 $GLOBALERRORS
  44D5DC $INIMGR
  44D6F4 MEMOS$SSEC::DOORGROUP
  44E008 USER$SEC$TCB$F_ACCESSQ
  44E018 USER$SEC$TCB$F_USERINGROUPQ
  44E150 SSEC::USERGROUP$SUGRP_:NOKEY
  44E174 SSEC::USERGROUP$SUGRP_:NAMEKEY
  44E198 SSEC::USERGROUP$SUGRP_:GROUPNAMEKEY
  44E1BC SSEC::USERGROUP$SUGRP_:LEVELNDX
  44E1E0 KEYS$SSEC::USERGROUP
  44E1F0 $SSEC::USERGROUP
  44E244 SSEC::EDIT$SEDIT_:NOKEY
  44E268 SSEC::EDIT$SEDIT_:CALLKEY
  44E28C SSEC::EDIT$SEDIT_:FIELDKEY
  44E2B0 KEYS$SSEC::EDIT
  44E2BC $SSEC::EDIT
  44E310 SSEC::CALL$SCALL_:NOKEY
  44E334 SSEC::CALL$SCALL_:DATEKEY
  44E358 SSEC::CALL$SCALL_:PROCKEY
  44E37C SSEC::CALL$SCALL_:PROCREQKEY
  44E3A0 SSEC::CALL$SCALL_:USERKEY
  44E3C4 SSEC::CALL$SCALL_:FILEKEY
  44E3E8 KEYS$SSEC::CALL
  44E400 $SSEC::CALL
  44E454 SSEC::PWDLOG$SPWDLOG_:NOKEY
  44E478 SSEC::PWDLOG$SPWDLOG_:USERKEY
  44E49C KEYS$SSEC::PWDLOG
  44E4A4 $SSEC::PWDLOG
  44E4F8 SSEC::FIELD$SFIELD_:NOKEY
  44E51C SSEC::FIELD$SFIELD_:FILEKEY
  44E540 KEYS$SSEC::FIELD
  44E548 $SSEC::FIELD
  44E59C SSEC::FILE$SFILE_:NOKEY
  44E5C0 SSEC::FILE$SFILE_:NAMEKEY
  44E5E4 KEYS$SSEC::FILE
  44E5EC $SSEC::FILE
  44E640 SSEC::PROCEDURE$SPROC_:NOKEY
  44E664 SSEC::PROCEDURE$SPROC_:PROGKEY
  44E688 KEYS$SSEC::PROCEDURE
  44E690 $SSEC::PROCEDURE
  44E6E4 SSEC::PROGRAM$SPROG_:NOKEY
  44E708 SSEC::PROGRAM$SPROG_:NAMEKEY
  44E72C KEYS$SSEC::PROGRAM
  44E734 $SSEC::PROGRAM
  44E788 SSEC::ACCESS$SACC_:USERDOORKEY
  44E7AC SSEC::ACCESS$SACC_:DOORUSERKEY
  44E7D0 KEYS$SSEC::ACCESS
  44E7D8 $SSEC::ACCESS
  44E82C SSEC::DOORGROUP$SDGRP_:NOKEY
  44E850 SSEC::DOORGROUP$SDGRP_:NAMEKEY
  44E874 KEYS$SSEC::DOORGROUP
  44E87C $SSEC::DOORGROUP
  44E8D0 SSEC::DOOR$SDOOR_:NOKEY
  44E8F4 SSEC::DOOR$SDOOR_:EQUATEKEY
  44E918 SSEC::DOOR$SDOOR_:DGRPDESCKEY
  44E93C KEYS$SSEC::DOOR
  44E948 $SSEC::DOOR
  44E99C SSEC::USERINGROUP$SUIG_:USERKEY
  44E9C0 SSEC::USERINGROUP$SUIG_:UGRPKEY
  44E9E4 KEYS$SSEC::USERINGROUP
  44E9EC $SSEC::USERINGROUP
  44EA40 SSEC::USER$SUSER_:NOKEY
  44EA64 SSEC::USER$SUSER_:NAMEKEY
  44EA88 SSEC::USER$SUSER_:GROUPNAMEKEY
  44EAAC SSEC::USER$SUSER_:LEVELNDX
  44EAD0 KEYS$SSEC::USER
  44EAE0 $SSEC::USER
  44EE38 $EPOC
  44EE90 $WMFINFILE
  44EF90 USER$SEC$F_ACCESSQ
  44EF98 USER$SEC$F_USERINGROUPQ
  44EFD0 $GLOBALERRORSTATUS
  4502F4 $GLOBALREQUEST
  4502F8 $GLOBALRESPONSE
  4502FC $VCRREQUEST
  450300 $DICTIONARY
  450304 SSEC::USERGROUP$SUGRP_:RECORD
  450360 SSEC::EDIT$SEDIT_:RECORD
  4503A8 SSEC::CALL$SCALL_:RECORD
  450430 SSEC::PWDLOG$SPWDLOG_:RECORD
  450454 SSEC::FIELD$SFIELD_:RECORD
  45047C SSEC::FILE$SFILE_:RECORD
  4504A0 SSEC::PROCEDURE$SPROC_:RECORD
  4504E0 SSEC::PROGRAM$SPROG_:RECORD
  4504EC SSEC::ACCESS$SACC_:RECORD
  4504F4 SSEC::DOORGROUP$SDGRP_:RECORD
  450518 SSEC::DOOR$SDOOR_:RECORD
  45057C SSEC::USERINGROUP$SUIG_:RECORD
  450584 SSEC::USER$SUSER_:RECORD
  4505E0 $RELATE:SSEC::USERGROUP
  4505E4 $ACCESS:SSEC::USERGROUP
  4505E8 $RELATE:SSEC::EDIT
  4505EC $ACCESS:SSEC::EDIT
  4505F0 $RELATE:SSEC::CALL
  4505F4 $ACCESS:SSEC::CALL
  4505F8 $RELATE:SSEC::PWDLOG
  4505FC $ACCESS:SSEC::PWDLOG
  450600 $RELATE:SSEC::FIELD
  450604 $ACCESS:SSEC::FIELD
  450608 $RELATE:SSEC::FILE
  45060C $ACCESS:SSEC::FILE
  450610 $RELATE:SSEC::PROCEDURE
  450614 $ACCESS:SSEC::PROCEDURE
  450618 $RELATE:SSEC::PROGRAM
  45061C $ACCESS:SSEC::PROGRAM
  450620 $RELATE:SSEC::ACCESS
  450624 $ACCESS:SSEC::ACCESS
  450628 $RELATE:SSEC::DOORGROUP
  45062C $ACCESS:SSEC::DOORGROUP
  450630 $RELATE:SSEC::DOOR
  450634 $ACCESS:SSEC::DOOR
  450638 $RELATE:SSEC::USERINGROUP
  45063C $ACCESS:SSEC::USERINGROUP
  450640 $RELATE:SSEC::USER
  450644 $ACCESS:SSEC::USER
  450648 $SSEC::VIEWRECORD
  450784 USEREDIT_BC0$_HIDE:RELATE:SSEC::USERGROUP
  450788 USEREDIT_BC0$_HIDE:ACCESS:SSEC::USERGROUP
  45078C USEREDIT_BC0$_HIDE:RELATE:SSEC::EDIT
  450790 USEREDIT_BC0$_HIDE:ACCESS:SSEC::EDIT
  450794 USEREDIT_BC0$_HIDE:RELATE:SSEC::CALL
  450798 USEREDIT_BC0$_HIDE:ACCESS:SSEC::CALL
  45079C USEREDIT_BC0$_HIDE:RELATE:SSEC::PWDLOG
  4507A0 USEREDIT_BC0$_HIDE:ACCESS:SSEC::PWDLOG
  4507A4 USEREDIT_BC0$_HIDE:RELATE:SSEC::FIELD
  4507A8 USEREDIT_BC0$_HIDE:ACCESS:SSEC::FIELD
  4507AC USEREDIT_BC0$_HIDE:RELATE:SSEC::FILE
  4507B0 USEREDIT_BC0$_HIDE:ACCESS:SSEC::FILE
  4507B4 USEREDIT_BC0$_HIDE:RELATE:SSEC::PROCEDURE
  4507B8 USEREDIT_BC0$_HIDE:ACCESS:SSEC::PROCEDURE
  4507BC USEREDIT_BC0$_HIDE:RELATE:SSEC::PROGRAM
  4507C0 USEREDIT_BC0$_HIDE:ACCESS:SSEC::PROGRAM
  4507C4 USEREDIT_BC0$_HIDE:RELATE:SSEC::ACCESS
  4507C8 USEREDIT_BC0$_HIDE:ACCESS:SSEC::ACCESS
  4507CC USEREDIT_BC0$_HIDE:RELATE:SSEC::DOORGROUP
  4507D0 USEREDIT_BC0$_HIDE:ACCESS:SSEC::DOORGROUP
  4507D4 USEREDIT_BC0$_HIDE:RELATE:SSEC::DOOR
  4507D8 USEREDIT_BC0$_HIDE:ACCESS:SSEC::DOOR
  4507DC USEREDIT_BC0$_HIDE:RELATE:SSEC::USERINGROUP
  4507E0 USEREDIT_BC0$_HIDE:ACCESS:SSEC::USERINGROUP
  4507E4 USEREDIT_BC0$_HIDE:RELATE:SSEC::USER
  4507E8 USEREDIT_BC0$_HIDE:ACCESS:SSEC::USER
  4507EC $FILESMANAGER
  450804 $SZDBTEXTLOG
  4510F8 WMFINFILE$WMFF@:RECORD
  463000 __import_section_start
  464C88 __import_section_end

Imports
ClaASC.dll:ASCII 4630A8
ClaDOS.dll:DOS 4630B8
ClaMSS.dll:MSSQL 4630C8
ClaRUN.dll:Cla$ACCEPTED 4634A0,401000
ClaRUN.dll:Cla$ADDqueue 4634A4
ClaRUN.dll:Cla$ADDqueuekey 4634A8,401008
ClaRUN.dll:Cla$ADDqueueptr 4634AC
ClaRUN.dll:Cla$AddressUfo 4634B0
ClaRUN.dll:Cla$AssignLong2RefUfo 4634B4
ClaRUN.dll:Cla$AssignReal2RefUfo 4634B8
ClaRUN.dll:Cla$AssignRefUfo 4634BC
ClaRUN.dll:Cla$BEEP 4634C0,401010
ClaRUN.dll:Cla$BindG 4634C4
ClaRUN.dll:Cla$BindV 4634C8
ClaRUN.dll:Cla$CHOICE 4634CC,401018
ClaRUN.dll:Cla$CLEAR 4634D0
ClaRUN.dll:Cla$CLEARqueue 4634D4
ClaRUN.dll:Cla$clearstr 4634D8
ClaRUN.dll:Cla$ClearType 4634DC
ClaRUN.dll:Cla$ClearUfo 4634E0
ClaRUN.dll:Cla$CLOCK 4634E4,401020
ClaRUN.dll:Cla$CloneUfo 4634E8
ClaRUN.dll:Cla$CLOSEwindow 4634EC,401028
ClaRUN.dll:Cla$code 4634F0
ClaRUN.dll:Cla$COMMIT 4634F4,401030
ClaRUN.dll:Cla$comparestr 4634F8
ClaRUN.dll:Cla$CREATE 4634FC
ClaRUN.dll:Cla$DAbs 463500
ClaRUN.dll:Cla$DecAdd 463504
ClaRUN.dll:Cla$DecCompareN 463508
ClaRUN.dll:Cla$DecDistinct 46350C
ClaRUN.dll:Cla$DecDistinctR 463510
ClaRUN.dll:Cla$DecDivide 463514
ClaRUN.dll:Cla$DecDivideR 463518
ClaRUN.dll:Cla$DecMul 46351C
ClaRUN.dll:Cla$DecSub 463520
ClaRUN.dll:Cla$DecSubR 463524
ClaRUN.dll:Cla$DELETEqueue 463528,401038
ClaRUN.dll:Cla$DELETEREG 46352C,401040
ClaRUN.dll:Cla$DESTROY 463530,401048
ClaRUN.dll:Cla$DISABLE 463534,401050
ClaRUN.dll:Cla$DISPLAY 463538,401058
ClaRUN.dll:Cla$DISPOSEqueue 46353C
ClaRUN.dll:Cla$DISPOSEref 463540
ClaRUN.dll:Cla$DISPOSEvref 463544
ClaRUN.dll:Cla$Dlongpower 463548
ClaRUN.dll:Cla$DPopDec 46354C
ClaRUN.dll:Cla$DPopLong 463550
ClaRUN.dll:Cla$DPopReal 463554
ClaRUN.dll:Cla$DPopUlong 463558
ClaRUN.dll:Cla$DPushConstant 46355C
ClaRUN.dll:Cla$DPushDec 463560
ClaRUN.dll:Cla$DPushLong 463564
ClaRUN.dll:Cla$DPushULong 463568
ClaRUN.dll:Cla$DRound 46356C
ClaRUN.dll:Cla$DStack2Stack 463570
ClaRUN.dll:Cla$ENABLE 463574,401060
ClaRUN.dll:Cla$EndEventLoop 463578
ClaRUN.dll:Cla$EndEventLoops 46357C
ClaRUN.dll:Cla$ENDPAGE 463580,401068
ClaRUN.dll:Cla$ERASE 463584,401070
ClaRUN.dll:Cla$ERRORCODE 463588,401078
ClaRUN.dll:Cla$Evaluate 46358C,401080
ClaRUN.dll:Cla$EVENT 463590,401088
ClaRUN.dll:Cla$FIELD 463594,401090
ClaRUN.dll:Cla$FILEERRORCODE 463598,401098
ClaRUN.dll:Cla$FILEERRORMSG 46359C,4010A0
ClaRUN.dll:Cla$FileExists 4635A0,4010A8
ClaRUN.dll:Cla$FILE_ADDf 4635A4
ClaRUN.dll:Cla$FILE_BUFFER 4635A8,4010B0
ClaRUN.dll:Cla$FILE_BUILDf 4635AC,4010B8
ClaRUN.dll:Cla$FILE_BYTES 4635B0,4010C0
ClaRUN.dll:CLA$FILE_CALLBACK 4635B4,4010C8
ClaRUN.dll:Cla$FILE_CLEAR 4635B8
ClaRUN.dll:Cla$FILE_CLOSE 4635BC,4010D0
ClaRUN.dll:Cla$FILE_CREATE 4635C0
ClaRUN.dll:Cla$FILE_DELETE 4635C4,4010D8
ClaRUN.dll:CLA$FILE_DESTROY 4635C8
ClaRUN.dll:Cla$FILE_DUPLICATEk 4635CC,4010E0
ClaRUN.dll:Cla$FILE_FLUSH 4635D0,4010E8
ClaRUN.dll:CLA$FILE_FREESTATE 4635D4,4010F0
ClaRUN.dll:Cla$FILE_GETfk 4635D8
ClaRUN.dll:Cla$FILE_GETfl 4635DC
ClaRUN.dll:Cla$FILE_GETflu 4635E0
ClaRUN.dll:Cla$FILE_GETNULLS 4635E4,4010F8
ClaRUN.dll:CLA$FILE_GETSTATE 4635E8,401100
ClaRUN.dll:Cla$FILE_GET_PROPERTY 4635EC
ClaRUN.dll:Cla$FILE_NAME 4635F0,401108
ClaRUN.dll:Cla$FILE_NEXT 4635F4,401110
ClaRUN.dll:Cla$FILE_NOMEMO 4635F8,401118
ClaRUN.dll:Cla$FILE_OPEN 4635FC,401120
ClaRUN.dll:Cla$FILE_POSITIONf 463600,401128
ClaRUN.dll:Cla$FILE_POSITIONk 463604,401130
ClaRUN.dll:Cla$FILE_PREV 463608,401138
ClaRUN.dll:Cla$FILE_PUTf 46360C
ClaRUN.dll:Cla$FILE_RECORDSf 463610,401140
ClaRUN.dll:Cla$FILE_REGETf 463614,401148
ClaRUN.dll:Cla$FILE_REGETk 463618,401150
ClaRUN.dll:Cla$FILE_RESETf 46361C,401158
ClaRUN.dll:Cla$FILE_RESETk 463620,401160
ClaRUN.dll:CLA$FILE_RESTORESTATE 463624,401168
ClaRUN.dll:Cla$FILE_SEND 463628,401170
ClaRUN.dll:Cla$FILE_SETf 46362C,401178
ClaRUN.dll:Cla$FILE_SETk 463630,401180
ClaRUN.dll:Cla$FILE_SETkk 463634,401188
ClaRUN.dll:Cla$FILE_SETNULLS 463638,401190
ClaRUN.dll:Cla$FILE_SET_PROPERTY 46363C
ClaRUN.dll:Cla$FILE_WATCH 463640,401198
ClaRUN.dll:Cla$FIRSTFIELD 463644,4011A0
ClaRUN.dll:Cla$FOCUS 463648,4011A8
ClaRUN.dll:Cla$FREEqueue 46364C
ClaRUN.dll:Cla$FREEqueuea 463650,4011B0
ClaRUN.dll:Cla$freestr 463654
ClaRUN.dll:Cla$FreeUfo 463658
ClaRUN.dll:Cla$freewindow 46365C
ClaRUN.dll:Cla$GETINI 463660,4011B8
ClaRUN.dll:Cla$GETPOSITION 463664,4011C0
ClaRUN.dll:Cla$GETPOSITIONw 463668,4011C8
ClaRUN.dll:Cla$GetPropS 46366C
ClaRUN.dll:Cla$GETqueuekey 463670,4011D0
ClaRUN.dll:Cla$GETqueueptr 463674
ClaRUN.dll:Cla$GETREG 463678,4011D8
ClaRUN.dll:Cla$Group2Ufo 46367C
ClaRUN.dll:Cla$HALT 463680,4011E0
ClaRUN.dll:Cla$HIDE 463684,4011E8
ClaRUN.dll:Cla$init 463688
ClaRUN.dll:Cla$INSTANCE 46368C,4011F0
ClaRUN.dll:Cla$IsAlpha 463690,4011F8
ClaRUN.dll:Cla$IsUfoString 463694,401200
ClaRUN.dll:Cla$IsUpper 463698,401208
ClaRUN.dll:Cla$KEYCHAR 46369C,401210
ClaRUN.dll:Cla$KEYCODE 4636A0,401218
ClaRUN.dll:Cla$KEY_GET_PROPERTY 4636A4
ClaRUN.dll:Cla$LASTFIELD 4636A8,401220
ClaRUN.dll:Cla$LOGOUT 4636AC,401228
ClaRUN.dll:Cla$longtostr 4636B0
ClaRUN.dll:Cla$Mem2Ufo 4636B4
ClaRUN.dll:Cla$MessageBox 4636B8,401230
ClaRUN.dll:Cla$MOUSEX 4636BC,401238
ClaRUN.dll:Cla$MOUSEY 4636C0,401240
ClaRUN.dll:Cla$NewMemB 4636C4
ClaRUN.dll:Cla$NewMemT 4636C8
ClaRUN.dll:Cla$NewMemZ 4636CC
ClaRUN.dll:Cla$NEWqueue 4636D0
ClaRUN.dll:Cla$NOTIFICATION 4636D4,401248
ClaRUN.dll:Cla$OPENowned 4636D8,401250
ClaRUN.dll:Cla$OPENwindow 4636DC,401258
ClaRUN.dll:Cla$paopen 4636E0,401260
ClaRUN.dll:Cla$pmopen 4636E4,401268
ClaRUN.dll:Cla$POINTERqueue 4636E8,401270
ClaRUN.dll:Cla$PopAString 4636EC
ClaRUN.dll:Cla$PopBind 4636F0,401278
ClaRUN.dll:Cla$PopCString 4636F4
ClaRUN.dll:Cla$PopReal 4636F8
ClaRUN.dll:Cla$PopString 4636FC
ClaRUN.dll:Cla$PopTemp 463700
ClaRUN.dll:Cla$POPUP 463704,401280
ClaRUN.dll:Cla$POST 463708,401288
ClaRUN.dll:Cla$PRINTreport 46370C
ClaRUN.dll:Cla$propen 463710,401290
ClaRUN.dll:Cla$PushAString 463714
ClaRUN.dll:Cla$PushBind 463718,401298
ClaRUN.dll:Cla$PushCString 46371C
ClaRUN.dll:Cla$PushLong 463720
ClaRUN.dll:Cla$PushPictLong 463724
ClaRUN.dll:Cla$PushString 463728
ClaRUN.dll:Cla$PushUfo 46372C
ClaRUN.dll:Cla$PUTINI 463730,4012A0
ClaRUN.dll:Cla$PUTqueue 463734
ClaRUN.dll:Cla$PUTqueuekey 463738,4012A8
ClaRUN.dll:Cla$PUTREG 46373C,4012B0
ClaRUN.dll:Cla$pwopen 463740,4012B8
ClaRUN.dll:Cla$QUOTE 463744,4012C0
ClaRUN.dll:Cla$realdistinct 463748
ClaRUN.dll:Cla$RECORDSqueue 46374C,4012C8
ClaRUN.dll:Cla$RefAssignAny 463750
ClaRUN.dll:Cla$REGISTEREVENT 463754,4012D0
ClaRUN.dll:Cla$REGULAR 463758,4012D8
ClaRUN.dll:Cla$RemoveFile 46375C,4012E0
ClaRUN.dll:Cla$ROLLBACK 463760,4012E8
ClaRUN.dll:Cla$rterr 463764,4012F0
ClaRUN.dll:Cla$SELECT 463768,4012F8
ClaRUN.dll:Cla$SETCURSOR 46376C,401300
ClaRUN.dll:Cla$SETKEYCODE 463770,401308
ClaRUN.dll:Cla$SETLAYOUT 463774,401310
ClaRUN.dll:Cla$SETPOSITION 463778,401318
ClaRUN.dll:Cla$SETPOSITIONw 46377C,401320
ClaRUN.dll:Cla$SetPropF 463780
ClaRUN.dll:Cla$SetPropQ 463784
ClaRUN.dll:Cla$SetPropS 463788
ClaRUN.dll:Cla$SetPropV 46378C
ClaRUN.dll:Cla$SETTARGET 463790,401328
ClaRUN.dll:Cla$SORTqueuekey 463794,401330
ClaRUN.dll:Cla$Stack2DStack 463798
ClaRUN.dll:Cla$Stack2Ufo 46379C
ClaRUN.dll:Cla$StackALL 4637A0,401338
ClaRUN.dll:Cla$StackCLIP 4637A4,401340
ClaRUN.dll:Cla$StackCompareN 4637A8
ClaRUN.dll:Cla$StackCompareNEQ 4637AC
ClaRUN.dll:Cla$StackCompareR 4637B0
ClaRUN.dll:Cla$StackConcat 4637B4
ClaRUN.dll:Cla$StackConcatR 4637B8
ClaRUN.dll:Cla$StackDEFORMAT2 4637BC
ClaRUN.dll:Cla$StackErrstr 4637C0,401348
ClaRUN.dll:Cla$StackHeap 4637C4
ClaRUN.dll:Cla$StackINLIST 4637C8
ClaRUN.dll:Cla$StackINSTRING 4637CC,401350
ClaRUN.dll:Cla$StackLEFT 4637D0,401358
ClaRUN.dll:Cla$StackLen 4637D4,401360
ClaRUN.dll:Cla$StackNUMERIC 4637D8,401368
ClaRUN.dll:Cla$STACKpop 4637DC
ClaRUN.dll:Cla$StackRotate 4637E0
ClaRUN.dll:Cla$StackSUB 4637E4,401370
ClaRUN.dll:Cla$StackUPPER 4637E8,401378
ClaRUN.dll:Cla$START 4637EC,401380
ClaRUN.dll:Cla$START2 4637F0,401388
ClaRUN.dll:Cla$StartEventLoop 4637F4
ClaRUN.dll:Cla$StashBP 4637F8
ClaRUN.dll:Cla$storecstr 4637FC
ClaRUN.dll:Cla$storestr 463800
ClaRUN.dll:Cla$String2Ref 463804
ClaRUN.dll:Cla$THREAD 463808,401390
ClaRUN.dll:Cla$THREAD_FILE 46380C
ClaRUN.dll:Cla$TODAY 463810,401398
ClaRUN.dll:Cla$Ufo2Real 463814
ClaRUN.dll:Cla$UfoCompareN 463818
ClaRUN.dll:Cla$Ufodistinct 46381C
ClaRUN.dll:Cla$UNHIDE 463820,4013A0
ClaRUN.dll:Cla$UNQUOTE 463824,4013A8
ClaRUN.dll:Cla$UNREGISTEREVENT 463828,4013B0
ClaRUN.dll:Cla$UPDATE 46382C,4013B8
ClaRUN.dll:Cla$VIEW_RESETvf 463830,4013C0
ClaRUN.dll:Cla$VIEW_SETvl 463834,4013C8
ClaRUN.dll:Cla$WHAT 463838,4013D0
ClaRUN.dll:Cla$WHATqueue 46383C,4013D8
ClaRUN.dll:Cla$WHOqueue 463840,4013E0
ClaRUN.dll:Cla$YIELD 463844,4013E8
ClaRUN.dll:NewCriticalSection 463848,4013F0
ClaRUN.dll:THR$GetInstance 46384C,4013F8
ClaRUN.dll:VIEWDRIVER 463850
ClaRUN.dll:_exit 463854,401400
ClaRUN.dll:_fnsplit 463858,401408
ClaRUN.dll:_free 46385C
ClaRUN.dll:_malloc 463860
ClaRUN.dll:__sysinit 463864,401410
ClaRUN.dll:__sysstart 463868,401418
KERNEL32.dll:GetLastError 46387C,401420
KERNEL32.dll:MulDiv 463880,401428
SHELL32.dll:ShellExecuteA 463890,401430
USER32.dll:GetAsyncKeyState 4638A0,401438



Entry Point:   428094